
> event-haiti@0.1.0 build /workspaces/EventHaiti
> next build

  ▲ Next.js 14.2.33
  - Environments: .env.local

   Creating an optimized production build ...
 ✓ Compiled successfully
   Linting and checking validity of types ...

./app/admin/events/AdminEventsModerationConsole.tsx
48:6  Warning: React Hook useEffect has a missing dependency: 'loadEvents'. Either include it or remove the dependency array.  react-hooks/exhaustive-deps

./app/favorites/FavoritesContent.tsx
85:6  Warning: React Hook useEffect has a missing dependency: 'loadFavorites'. Either include it or remove the dependency array.  react-hooks/exhaustive-deps

./app/organizer/events/EventFormPremium.tsx
115:6  Warning: React Hook useEffect has a missing dependency: 'handleSave'. Either include it or remove the dependency array.  react-hooks/exhaustive-deps

./app/tickets/[id]/TicketDetailContent.tsx
111:17  Warning: Using `<img>` could result in slower LCP and higher bandwidth. Consider using `<Image />` from `next/image` to automatically optimize images. This may incur additional usage or cost from your provider. See: https://nextjs.org/docs/messages/no-img-element  @next/next/no-img-element

./components/scan/ScanViewport.tsx
49:6  Warning: React Hook useEffect has missing dependencies: 'isProcessing' and 'onScan'. Either include them or remove the dependency array. If 'onScan' changes too often, find the parent component that defines it and wrap that definition in useCallback.  react-hooks/exhaustive-deps

info  - Need to disable some ESLint rules? Learn more here: https://nextjs.org/docs/basic-features/eslint#disabling-rules
   Collecting page data ...
 ⚠ Using edge runtime on a page currently disables static generation for that page
   Generating static pages (0/141) ...
Session verification error: n [Error]: Dynamic server usage: Route /api/admin/analytics couldn't be rendered statically because it used `cookies`. See more info here: https://nextjs.org/docs/messages/dynamic-server-error
    at l (/workspaces/EventHaiti/.next/server/chunks/8948.js:1:56329)
    at f (/workspaces/EventHaiti/.next/server/chunks/1615.js:1:1692)
    at o (/workspaces/EventHaiti/.next/server/app/api/admin/analytics/route.js:1:20779)
    at d (/workspaces/EventHaiti/.next/server/app/api/admin/analytics/route.js:1:8206)
    at l (/workspaces/EventHaiti/.next/server/app/api/admin/analytics/route.js:1:1691)
    at /workspaces/EventHaiti/node_modules/next/dist/compiled/next-server/app-route.runtime.prod.js:6:38417
    at /workspaces/EventHaiti/node_modules/next/dist/server/lib/trace/tracer.js:140:36
    at NoopContextManager.with (/workspaces/EventHaiti/node_modules/@opentelemetry/api/build/src/context/NoopContextManager.js:25:19)
    at ContextAPI.with (/workspaces/EventHaiti/node_modules/@opentelemetry/api/build/src/api/context.js:60:46)
    at NoopTracer.startActiveSpan (/workspaces/EventHaiti/node_modules/@opentelemetry/api/build/src/trace/NoopTracer.js:65:31) {
  description: "Route /api/admin/analytics couldn't be rendered statically because it used `cookies`. See more info here: https://nextjs.org/docs/messages/dynamic-server-error",
  digest: 'DYNAMIC_SERVER_USAGE'
}
Session verification error: n [Error]: Dynamic server usage: Route /api/admin/debug-verifications couldn't be rendered statically because it used `cookies`. See more info here: https://nextjs.org/docs/messages/dynamic-server-error
    at l (/workspaces/EventHaiti/.next/server/chunks/8948.js:1:56329)
    at f (/workspaces/EventHaiti/.next/server/chunks/1615.js:1:1692)
    at o (/workspaces/EventHaiti/.next/server/app/api/admin/analytics/route.js:1:20779)
    at d (/workspaces/EventHaiti/.next/server/app/api/admin/analytics/route.js:1:8206)
    at u (/workspaces/EventHaiti/.next/server/app/api/admin/analytics/route.js:1:8799)
    at c (/workspaces/EventHaiti/.next/server/app/api/admin/debug-verifications/route.js:1:1757)
    at /workspaces/EventHaiti/node_modules/next/dist/compiled/next-server/app-route.runtime.prod.js:6:38417
    at /workspaces/EventHaiti/node_modules/next/dist/server/lib/trace/tracer.js:140:36
    at NoopContextManager.with (/workspaces/EventHaiti/node_modules/@opentelemetry/api/build/src/context/NoopContextManager.js:25:19)
    at ContextAPI.with (/workspaces/EventHaiti/node_modules/@opentelemetry/api/build/src/api/context.js:60:46) {
  description: "Route /api/admin/debug-verifications couldn't be rendered statically because it used `cookies`. See more info here: https://nextjs.org/docs/messages/dynamic-server-error",
  digest: 'DYNAMIC_SERVER_USAGE'
}
Session verification error: n [Error]: Dynamic server usage: Route /api/admin/verification-image couldn't be rendered statically because it used `cookies`. See more info here: https://nextjs.org/docs/messages/dynamic-server-error
    at l (/workspaces/EventHaiti/.next/server/chunks/8948.js:1:56329)
    at f (/workspaces/EventHaiti/.next/server/chunks/1615.js:1:1692)
    at o (/workspaces/EventHaiti/.next/server/app/api/admin/analytics/route.js:1:20779)
    at d (/workspaces/EventHaiti/.next/server/app/api/admin/analytics/route.js:1:8206)
    at d (/workspaces/EventHaiti/.next/server/app/api/admin/verification-image/route.js:1:1822)
    at /workspaces/EventHaiti/node_modules/next/dist/compiled/next-server/app-route.runtime.prod.js:6:38417
    at /workspaces/EventHaiti/node_modules/next/dist/server/lib/trace/tracer.js:140:36
    at NoopContextManager.with (/workspaces/EventHaiti/node_modules/@opentelemetry/api/build/src/context/NoopContextManager.js:25:19)
    at ContextAPI.with (/workspaces/EventHaiti/node_modules/@opentelemetry/api/build/src/api/context.js:60:46)
    at NoopTracer.startActiveSpan (/workspaces/EventHaiti/node_modules/@opentelemetry/api/build/src/trace/NoopTracer.js:65:31) {
  description: "Route /api/admin/verification-image couldn't be rendered statically because it used `cookies`. See more info here: https://nextjs.org/docs/messages/dynamic-server-error",
  digest: 'DYNAMIC_SERVER_USAGE'
}
Event reminder cron error: B [Error]: Dynamic server usage: Route /api/cron/event-reminders couldn't be rendered statically because it used `request.headers`. See more info here: https://nextjs.org/docs/messages/dynamic-server-error
    at V (/workspaces/EventHaiti/node_modules/next/dist/compiled/next-server/app-route.runtime.prod.js:6:21778)
    at Object.get (/workspaces/EventHaiti/node_modules/next/dist/compiled/next-server/app-route.runtime.prod.js:6:29465)
    at d (/workspaces/EventHaiti/.next/server/app/api/cron/event-reminders/route.js:1:1729)
    at /workspaces/EventHaiti/node_modules/next/dist/compiled/next-server/app-route.runtime.prod.js:6:38417
    at /workspaces/EventHaiti/node_modules/next/dist/server/lib/trace/tracer.js:140:36
    at NoopContextManager.with (/workspaces/EventHaiti/node_modules/@opentelemetry/api/build/src/context/NoopContextManager.js:25:19)
    at ContextAPI.with (/workspaces/EventHaiti/node_modules/@opentelemetry/api/build/src/api/context.js:60:46)
    at NoopTracer.startActiveSpan (/workspaces/EventHaiti/node_modules/@opentelemetry/api/build/src/trace/NoopTracer.js:65:31)
    at ProxyTracer.startActiveSpan (/workspaces/EventHaiti/node_modules/@opentelemetry/api/build/src/trace/ProxyTracer.js:36:24)
    at /workspaces/EventHaiti/node_modules/next/dist/server/lib/trace/tracer.js:122:103 {
  description: "Route /api/cron/event-reminders couldn't be rendered statically because it used `request.headers`. See more info here: https://nextjs.org/docs/messages/dynamic-server-error",
  digest: 'DYNAMIC_SERVER_USAGE'
}
Favorite reminders cron error: B [Error]: Dynamic server usage: Route /api/cron/favorite-reminders couldn't be rendered statically because it used `request.headers`. See more info here: https://nextjs.org/docs/messages/dynamic-server-error
    at V (/workspaces/EventHaiti/node_modules/next/dist/compiled/next-server/app-route.runtime.prod.js:6:21778)
    at Object.get (/workspaces/EventHaiti/node_modules/next/dist/compiled/next-server/app-route.runtime.prod.js:6:29465)
    at d (/workspaces/EventHaiti/.next/server/app/api/cron/favorite-reminders/route.js:1:1438)
    at /workspaces/EventHaiti/node_modules/next/dist/compiled/next-server/app-route.runtime.prod.js:6:38417
    at /workspaces/EventHaiti/node_modules/next/dist/server/lib/trace/tracer.js:140:36
    at NoopContextManager.with (/workspaces/EventHaiti/node_modules/@opentelemetry/api/build/src/context/NoopContextManager.js:25:19)
    at ContextAPI.with (/workspaces/EventHaiti/node_modules/@opentelemetry/api/build/src/api/context.js:60:46)
    at NoopTracer.startActiveSpan (/workspaces/EventHaiti/node_modules/@opentelemetry/api/build/src/trace/NoopTracer.js:65:31)
    at ProxyTracer.startActiveSpan (/workspaces/EventHaiti/node_modules/@opentelemetry/api/build/src/trace/ProxyTracer.js:36:24)
    at /workspaces/EventHaiti/node_modules/next/dist/server/lib/trace/tracer.js:122:103 {
  description: "Route /api/cron/favorite-reminders couldn't be rendered statically because it used `request.headers`. See more info here: https://nextjs.org/docs/messages/dynamic-server-error",
  digest: 'DYNAMIC_SERVER_USAGE'
}
Error checking verification: B [Error]: Dynamic server usage: Route /api/debug/check-verification couldn't be rendered statically because it used `request.url`. See more info here: https://nextjs.org/docs/messages/dynamic-server-error
    at V (/workspaces/EventHaiti/node_modules/next/dist/compiled/next-server/app-route.runtime.prod.js:6:21778)
    at Object.get (/workspaces/EventHaiti/node_modules/next/dist/compiled/next-server/app-route.runtime.prod.js:6:29465)
    at a (/workspaces/EventHaiti/.next/server/app/api/debug/check-verification/route.js:1:1432)
    at /workspaces/EventHaiti/node_modules/next/dist/compiled/next-server/app-route.runtime.prod.js:6:38417
    at /workspaces/EventHaiti/node_modules/next/dist/server/lib/trace/tracer.js:140:36
    at NoopContextManager.with (/workspaces/EventHaiti/node_modules/@opentelemetry/api/build/src/context/NoopContextManager.js:25:19)
    at ContextAPI.with (/workspaces/EventHaiti/node_modules/@opentelemetry/api/build/src/api/context.js:60:46)
    at NoopTracer.startActiveSpan (/workspaces/EventHaiti/node_modules/@opentelemetry/api/build/src/trace/NoopTracer.js:65:31)
    at ProxyTracer.startActiveSpan (/workspaces/EventHaiti/node_modules/@opentelemetry/api/build/src/trace/ProxyTracer.js:36:24)
    at /workspaces/EventHaiti/node_modules/next/dist/server/lib/trace/tracer.js:122:103 {
  description: "Route /api/debug/check-verification couldn't be rendered statically because it used `request.url`. See more info here: https://nextjs.org/docs/messages/dynamic-server-error",
  digest: 'DYNAMIC_SERVER_USAGE'
}
Session verification error: n [Error]: Dynamic server usage: Route /api/debug/tickets couldn't be rendered statically because it used `cookies`. See more info here: https://nextjs.org/docs/messages/dynamic-server-error
    at l (/workspaces/EventHaiti/.next/server/chunks/8948.js:1:56329)
    at f (/workspaces/EventHaiti/.next/server/chunks/1615.js:1:1692)
    at o (/workspaces/EventHaiti/.next/server/app/api/admin/analytics/route.js:1:20779)
    at d (/workspaces/EventHaiti/.next/server/app/api/admin/analytics/route.js:1:8206)
    at l (/workspaces/EventHaiti/.next/server/app/api/debug/tickets/route.js:1:1681)
    at /workspaces/EventHaiti/node_modules/next/dist/compiled/next-server/app-route.runtime.prod.js:6:38417
    at /workspaces/EventHaiti/node_modules/next/dist/server/lib/trace/tracer.js:140:36
    at NoopContextManager.with (/workspaces/EventHaiti/node_modules/@opentelemetry/api/build/src/context/NoopContextManager.js:25:19)
    at ContextAPI.with (/workspaces/EventHaiti/node_modules/@opentelemetry/api/build/src/api/context.js:60:46)
    at NoopTracer.startActiveSpan (/workspaces/EventHaiti/node_modules/@opentelemetry/api/build/src/trace/NoopTracer.js:65:31) {
  description: "Route /api/debug/tickets couldn't be rendered statically because it used `cookies`. See more info here: https://nextjs.org/docs/messages/dynamic-server-error",
  digest: 'DYNAMIC_SERVER_USAGE'
}
Session verification error: n [Error]: Dynamic server usage: Route /api/debug/user-record couldn't be rendered statically because it used `cookies`. See more info here: https://nextjs.org/docs/messages/dynamic-server-error
    at l (/workspaces/EventHaiti/.next/server/chunks/8948.js:1:56329)
    at f (/workspaces/EventHaiti/.next/server/chunks/1615.js:1:1692)
    at o (/workspaces/EventHaiti/.next/server/app/api/admin/analytics/route.js:1:20779)
    at d (/workspaces/EventHaiti/.next/server/app/api/admin/analytics/route.js:1:8206)
    at l (/workspaces/EventHaiti/.next/server/app/api/debug/user-record/route.js:1:1702)
    at /workspaces/EventHaiti/node_modules/next/dist/compiled/next-server/app-route.runtime.prod.js:6:38417
    at /workspaces/EventHaiti/node_modules/next/dist/server/lib/trace/tracer.js:140:36
    at NoopContextManager.with (/workspaces/EventHaiti/node_modules/@opentelemetry/api/build/src/context/NoopContextManager.js:25:19)
    at ContextAPI.with (/workspaces/EventHaiti/node_modules/@opentelemetry/api/build/src/api/context.js:60:46)
    at NoopTracer.startActiveSpan (/workspaces/EventHaiti/node_modules/@opentelemetry/api/build/src/trace/NoopTracer.js:65:31) {
  description: "Route /api/debug/user-record couldn't be rendered statically because it used `cookies`. See more info here: https://nextjs.org/docs/messages/dynamic-server-error",
  digest: 'DYNAMIC_SERVER_USAGE'
}
Session verification error: n [Error]: Dynamic server usage: Route /api/debug/verification-status couldn't be rendered statically because it used `cookies`. See more info here: https://nextjs.org/docs/messages/dynamic-server-error
    at l (/workspaces/EventHaiti/.next/server/chunks/8948.js:1:56329)
    at f (/workspaces/EventHaiti/.next/server/chunks/1615.js:1:1692)
    at o (/workspaces/EventHaiti/.next/server/app/api/admin/analytics/route.js:1:20779)
    at d (/workspaces/EventHaiti/.next/server/app/api/admin/analytics/route.js:1:8206)
    at l (/workspaces/EventHaiti/.next/server/app/api/debug/verification-status/route.js:1:1742)
    at /workspaces/EventHaiti/node_modules/next/dist/compiled/next-server/app-route.runtime.prod.js:6:38417
    at /workspaces/EventHaiti/node_modules/next/dist/server/lib/trace/tracer.js:140:36
    at NoopContextManager.with (/workspaces/EventHaiti/node_modules/@opentelemetry/api/build/src/context/NoopContextManager.js:25:19)
    at ContextAPI.with (/workspaces/EventHaiti/node_modules/@opentelemetry/api/build/src/api/context.js:60:46)
    at NoopTracer.startActiveSpan (/workspaces/EventHaiti/node_modules/@opentelemetry/api/build/src/trace/NoopTracer.js:65:31) {
  description: "Route /api/debug/verification-status couldn't be rendered statically because it used `cookies`. See more info here: https://nextjs.org/docs/messages/dynamic-server-error",
  digest: 'DYNAMIC_SERVER_USAGE'
}
   Generating static pages (35/141) 
MonCash callback error: B [Error]: Dynamic server usage: Route /api/moncash/callback couldn't be rendered statically because it used `request.url`. See more info here: https://nextjs.org/docs/messages/dynamic-server-error
    at V (/workspaces/EventHaiti/node_modules/next/dist/compiled/next-server/app-route.runtime.prod.js:6:21778)
    at Object.get (/workspaces/EventHaiti/node_modules/next/dist/compiled/next-server/app-route.runtime.prod.js:6:29465)
    at l (/workspaces/EventHaiti/.next/server/app/api/moncash/callback/route.js:1:1953)
    at /workspaces/EventHaiti/node_modules/next/dist/compiled/next-server/app-route.runtime.prod.js:6:38417
    at /workspaces/EventHaiti/node_modules/next/dist/server/lib/trace/tracer.js:140:36
    at NoopContextManager.with (/workspaces/EventHaiti/node_modules/@opentelemetry/api/build/src/context/NoopContextManager.js:25:19)
    at ContextAPI.with (/workspaces/EventHaiti/node_modules/@opentelemetry/api/build/src/api/context.js:60:46)
    at NoopTracer.startActiveSpan (/workspaces/EventHaiti/node_modules/@opentelemetry/api/build/src/trace/NoopTracer.js:65:31)
    at ProxyTracer.startActiveSpan (/workspaces/EventHaiti/node_modules/@opentelemetry/api/build/src/trace/ProxyTracer.js:36:24)
    at /workspaces/EventHaiti/node_modules/next/dist/server/lib/trace/tracer.js:122:103 {
  description: "Route /api/moncash/callback couldn't be rendered statically because it used `request.url`. See more info here: https://nextjs.org/docs/messages/dynamic-server-error",
  digest: 'DYNAMIC_SERVER_USAGE'
}
Error exporting payouts: n [Error]: Dynamic server usage: Route /api/organizer/export-payouts couldn't be rendered statically because it used `cookies`. See more info here: https://nextjs.org/docs/messages/dynamic-server-error
    at l (/workspaces/EventHaiti/.next/server/chunks/8948.js:1:56329)
    at f (/workspaces/EventHaiti/.next/server/chunks/1615.js:1:1692)
    at u (/workspaces/EventHaiti/.next/server/app/api/organizer/export-payouts/route.js:1:1743)
    at /workspaces/EventHaiti/node_modules/next/dist/compiled/next-server/app-route.runtime.prod.js:6:38417
    at /workspaces/EventHaiti/node_modules/next/dist/server/lib/trace/tracer.js:140:36
    at NoopContextManager.with (/workspaces/EventHaiti/node_modules/@opentelemetry/api/build/src/context/NoopContextManager.js:25:19)
    at ContextAPI.with (/workspaces/EventHaiti/node_modules/@opentelemetry/api/build/src/api/context.js:60:46)
    at NoopTracer.startActiveSpan (/workspaces/EventHaiti/node_modules/@opentelemetry/api/build/src/trace/NoopTracer.js:65:31)
    at ProxyTracer.startActiveSpan (/workspaces/EventHaiti/node_modules/@opentelemetry/api/build/src/trace/ProxyTracer.js:36:24)
    at /workspaces/EventHaiti/node_modules/next/dist/server/lib/trace/tracer.js:122:103 {
  description: "Route /api/organizer/export-payouts couldn't be rendered statically because it used `cookies`. See more info here: https://nextjs.org/docs/messages/dynamic-server-error",
  digest: 'DYNAMIC_SERVER_USAGE'
}
   Generating static pages (70/141) 
Test endpoint error: B [Error]: Dynamic server usage: Route /api/test-tiers couldn't be rendered statically because it used `request.url`. See more info here: https://nextjs.org/docs/messages/dynamic-server-error
    at V (/workspaces/EventHaiti/node_modules/next/dist/compiled/next-server/app-route.runtime.prod.js:6:21778)
    at Object.get (/workspaces/EventHaiti/node_modules/next/dist/compiled/next-server/app-route.runtime.prod.js:6:29465)
    at a (/workspaces/EventHaiti/.next/server/app/api/test-tiers/route.js:1:1363)
    at /workspaces/EventHaiti/node_modules/next/dist/compiled/next-server/app-route.runtime.prod.js:6:38417
    at /workspaces/EventHaiti/node_modules/next/dist/server/lib/trace/tracer.js:140:36
    at NoopContextManager.with (/workspaces/EventHaiti/node_modules/@opentelemetry/api/build/src/context/NoopContextManager.js:25:19)
    at ContextAPI.with (/workspaces/EventHaiti/node_modules/@opentelemetry/api/build/src/api/context.js:60:46)
    at NoopTracer.startActiveSpan (/workspaces/EventHaiti/node_modules/@opentelemetry/api/build/src/trace/NoopTracer.js:65:31)
    at ProxyTracer.startActiveSpan (/workspaces/EventHaiti/node_modules/@opentelemetry/api/build/src/trace/ProxyTracer.js:36:24)
    at /workspaces/EventHaiti/node_modules/next/dist/server/lib/trace/tracer.js:122:103 {
  description: "Route /api/test-tiers couldn't be rendered statically because it used `request.url`. See more info here: https://nextjs.org/docs/messages/dynamic-server-error",
  digest: 'DYNAMIC_SERVER_USAGE'
}
Error message: Dynamic server usage: Route /api/test-tiers couldn't be rendered statically because it used `request.url`. See more info here: https://nextjs.org/docs/messages/dynamic-server-error
Error stack: Error: Dynamic server usage: Route /api/test-tiers couldn't be rendered statically because it used `request.url`. See more info here: https://nextjs.org/docs/messages/dynamic-server-error
    at V (/workspaces/EventHaiti/node_modules/next/dist/compiled/next-server/app-route.runtime.prod.js:6:21778)
    at Object.get (/workspaces/EventHaiti/node_modules/next/dist/compiled/next-server/app-route.runtime.prod.js:6:29465)
    at a (/workspaces/EventHaiti/.next/server/app/api/test-tiers/route.js:1:1363)
    at /workspaces/EventHaiti/node_modules/next/dist/compiled/next-server/app-route.runtime.prod.js:6:38417
    at /workspaces/EventHaiti/node_modules/next/dist/server/lib/trace/tracer.js:140:36
    at NoopContextManager.with (/workspaces/EventHaiti/node_modules/@opentelemetry/api/build/src/context/NoopContextManager.js:25:19)
    at ContextAPI.with (/workspaces/EventHaiti/node_modules/@opentelemetry/api/build/src/api/context.js:60:46)
    at NoopTracer.startActiveSpan (/workspaces/EventHaiti/node_modules/@opentelemetry/api/build/src/trace/NoopTracer.js:65:31)
    at ProxyTracer.startActiveSpan (/workspaces/EventHaiti/node_modules/@opentelemetry/api/build/src/trace/ProxyTracer.js:36:24)
    at /workspaces/EventHaiti/node_modules/next/dist/server/lib/trace/tracer.js:122:103
Session verification error: n [Error]: Dynamic server usage: Route /legal/privacy couldn't be rendered statically because it used `cookies`. See more info here: https://nextjs.org/docs/messages/dynamic-server-error
    at l (/workspaces/EventHaiti/.next/server/chunks/8948.js:1:56329)
    at f (/workspaces/EventHaiti/.next/server/chunks/1615.js:1:1692)
    at o (/workspaces/EventHaiti/.next/server/app/api/admin/analytics/route.js:1:20779)
    at d (/workspaces/EventHaiti/.next/server/app/api/admin/analytics/route.js:1:8206)
    at c (/workspaces/EventHaiti/.next/server/app/legal/privacy/page.js:1:2903)
    at eh (/workspaces/EventHaiti/node_modules/next/dist/compiled/next-server/app-page.runtime.prod.js:12:134660)
    at e (/workspaces/EventHaiti/node_modules/next/dist/compiled/next-server/app-page.runtime.prod.js:12:137545)
    at ek (/workspaces/EventHaiti/node_modules/next/dist/compiled/next-server/app-page.runtime.prod.js:12:138019)
    at Array.toJSON (/workspaces/EventHaiti/node_modules/next/dist/compiled/next-server/app-page.runtime.prod.js:12:135629)
    at stringify (<anonymous>) {
  description: "Route /legal/privacy couldn't be rendered statically because it used `cookies`. See more info here: https://nextjs.org/docs/messages/dynamic-server-error",
  digest: 'DYNAMIC_SERVER_USAGE'
}
Session verification error: n [Error]: Dynamic server usage: Route /legal/privacy couldn't be rendered statically because it used `cookies`. See more info here: https://nextjs.org/docs/messages/dynamic-server-error
    at l (/workspaces/EventHaiti/.next/server/chunks/8948.js:1:56329)
    at f (/workspaces/EventHaiti/.next/server/chunks/1615.js:1:1692)
    at o (/workspaces/EventHaiti/.next/server/app/api/admin/analytics/route.js:1:20779)
    at d (/workspaces/EventHaiti/.next/server/app/api/admin/analytics/route.js:1:8206)
    at c (/workspaces/EventHaiti/.next/server/app/legal/privacy/page.js:1:2903)
    at eh (/workspaces/EventHaiti/node_modules/next/dist/compiled/next-server/app-page.runtime.prod.js:12:134660)
    at e (/workspaces/EventHaiti/node_modules/next/dist/compiled/next-server/app-page.runtime.prod.js:12:137545)
    at ek (/workspaces/EventHaiti/node_modules/next/dist/compiled/next-server/app-page.runtime.prod.js:12:138019)
    at Array.toJSON (/workspaces/EventHaiti/node_modules/next/dist/compiled/next-server/app-page.runtime.prod.js:12:135629)
    at stringify (<anonymous>) {
  description: "Route /legal/privacy couldn't be rendered statically because it used `cookies`. See more info here: https://nextjs.org/docs/messages/dynamic-server-error",
  digest: 'DYNAMIC_SERVER_USAGE'
}
Session verification error: n [Error]: Dynamic server usage: Route /legal/refunds couldn't be rendered statically because it used `cookies`. See more info here: https://nextjs.org/docs/messages/dynamic-server-error
    at l (/workspaces/EventHaiti/.next/server/chunks/8948.js:1:56329)
    at f (/workspaces/EventHaiti/.next/server/chunks/1615.js:1:1692)
    at o (/workspaces/EventHaiti/.next/server/app/api/admin/analytics/route.js:1:20779)
    at d (/workspaces/EventHaiti/.next/server/app/api/admin/analytics/route.js:1:8206)
    at d (/workspaces/EventHaiti/.next/server/app/legal/refunds/page.js:1:2903)
    at eh (/workspaces/EventHaiti/node_modules/next/dist/compiled/next-server/app-page.runtime.prod.js:12:134660)
    at e (/workspaces/EventHaiti/node_modules/next/dist/compiled/next-server/app-page.runtime.prod.js:12:137545)
    at ek (/workspaces/EventHaiti/node_modules/next/dist/compiled/next-server/app-page.runtime.prod.js:12:138019)
    at Array.toJSON (/workspaces/EventHaiti/node_modules/next/dist/compiled/next-server/app-page.runtime.prod.js:12:135629)
    at stringify (<anonymous>) {
  description: "Route /legal/refunds couldn't be rendered statically because it used `cookies`. See more info here: https://nextjs.org/docs/messages/dynamic-server-error",
  digest: 'DYNAMIC_SERVER_USAGE'
}
Session verification error: n [Error]: Dynamic server usage: Route /legal/refunds couldn't be rendered statically because it used `cookies`. See more info here: https://nextjs.org/docs/messages/dynamic-server-error
    at l (/workspaces/EventHaiti/.next/server/chunks/8948.js:1:56329)
    at f (/workspaces/EventHaiti/.next/server/chunks/1615.js:1:1692)
    at o (/workspaces/EventHaiti/.next/server/app/api/admin/analytics/route.js:1:20779)
    at d (/workspaces/EventHaiti/.next/server/app/api/admin/analytics/route.js:1:8206)
    at d (/workspaces/EventHaiti/.next/server/app/legal/refunds/page.js:1:2903)
    at eh (/workspaces/EventHaiti/node_modules/next/dist/compiled/next-server/app-page.runtime.prod.js:12:134660)
    at e (/workspaces/EventHaiti/node_modules/next/dist/compiled/next-server/app-page.runtime.prod.js:12:137545)
    at ek (/workspaces/EventHaiti/node_modules/next/dist/compiled/next-server/app-page.runtime.prod.js:12:138019)
    at Array.toJSON (/workspaces/EventHaiti/node_modules/next/dist/compiled/next-server/app-page.runtime.prod.js:12:135629)
    at stringify (<anonymous>) {
  description: "Route /legal/refunds couldn't be rendered statically because it used `cookies`. See more info here: https://nextjs.org/docs/messages/dynamic-server-error",
  digest: 'DYNAMIC_SERVER_USAGE'
}
Session verification error: n [Error]: Dynamic server usage: Route /legal/terms couldn't be rendered statically because it used `cookies`. See more info here: https://nextjs.org/docs/messages/dynamic-server-error
    at l (/workspaces/EventHaiti/.next/server/chunks/8948.js:1:56329)
    at f (/workspaces/EventHaiti/.next/server/chunks/1615.js:1:1692)
    at o (/workspaces/EventHaiti/.next/server/app/api/admin/analytics/route.js:1:20779)
    at d (/workspaces/EventHaiti/.next/server/app/api/admin/analytics/route.js:1:8206)
    at c (/workspaces/EventHaiti/.next/server/app/legal/terms/page.js:1:2891)
    at eh (/workspaces/EventHaiti/node_modules/next/dist/compiled/next-server/app-page.runtime.prod.js:12:134660)
    at e (/workspaces/EventHaiti/node_modules/next/dist/compiled/next-server/app-page.runtime.prod.js:12:137545)
    at ek (/workspaces/EventHaiti/node_modules/next/dist/compiled/next-server/app-page.runtime.prod.js:12:138019)
    at Array.toJSON (/workspaces/EventHaiti/node_modules/next/dist/compiled/next-server/app-page.runtime.prod.js:12:135629)
    at stringify (<anonymous>) {
  description: "Route /legal/terms couldn't be rendered statically because it used `cookies`. See more info here: https://nextjs.org/docs/messages/dynamic-server-error",
  digest: 'DYNAMIC_SERVER_USAGE'
}
Session verification error: n [Error]: Dynamic server usage: Route /legal/terms couldn't be rendered statically because it used `cookies`. See more info here: https://nextjs.org/docs/messages/dynamic-server-error
    at l (/workspaces/EventHaiti/.next/server/chunks/8948.js:1:56329)
    at f (/workspaces/EventHaiti/.next/server/chunks/1615.js:1:1692)
    at o (/workspaces/EventHaiti/.next/server/app/api/admin/analytics/route.js:1:20779)
    at d (/workspaces/EventHaiti/.next/server/app/api/admin/analytics/route.js:1:8206)
    at c (/workspaces/EventHaiti/.next/server/app/legal/terms/page.js:1:2891)
    at eh (/workspaces/EventHaiti/node_modules/next/dist/compiled/next-server/app-page.runtime.prod.js:12:134660)
    at e (/workspaces/EventHaiti/node_modules/next/dist/compiled/next-server/app-page.runtime.prod.js:12:137545)
    at ek (/workspaces/EventHaiti/node_modules/next/dist/compiled/next-server/app-page.runtime.prod.js:12:138019)
    at Array.toJSON (/workspaces/EventHaiti/node_modules/next/dist/compiled/next-server/app-page.runtime.prod.js:12:135629)
    at stringify (<anonymous>) {
  description: "Route /legal/terms couldn't be rendered statically because it used `cookies`. See more info here: https://nextjs.org/docs/messages/dynamic-server-error",
  digest: 'DYNAMIC_SERVER_USAGE'
}
Session verification error: n [Error]: Dynamic server usage: Route /organizer/scan couldn't be rendered statically because it used `cookies`. See more info here: https://nextjs.org/docs/messages/dynamic-server-error
    at l (/workspaces/EventHaiti/.next/server/chunks/8948.js:1:56329)
    at f (/workspaces/EventHaiti/.next/server/chunks/1615.js:1:1692)
    at o (/workspaces/EventHaiti/.next/server/app/api/admin/analytics/route.js:1:20779)
    at d (/workspaces/EventHaiti/.next/server/app/api/admin/analytics/route.js:1:8206)
    at u (/workspaces/EventHaiti/.next/server/app/api/admin/analytics/route.js:1:8799)
    at m (/workspaces/EventHaiti/.next/server/app/organizer/scan/page.js:1:13798)
    at eh (/workspaces/EventHaiti/node_modules/next/dist/compiled/next-server/app-page.runtime.prod.js:12:134660)
    at e (/workspaces/EventHaiti/node_modules/next/dist/compiled/next-server/app-page.runtime.prod.js:12:137545)
    at ek (/workspaces/EventHaiti/node_modules/next/dist/compiled/next-server/app-page.runtime.prod.js:12:138019)
    at Array.toJSON (/workspaces/EventHaiti/node_modules/next/dist/compiled/next-server/app-page.runtime.prod.js:12:135629) {
  description: "Route /organizer/scan couldn't be rendered statically because it used `cookies`. See more info here: https://nextjs.org/docs/messages/dynamic-server-error",
  digest: 'DYNAMIC_SERVER_USAGE'
}
Session verification error: n [Error]: Dynamic server usage: Route /organizer/scan couldn't be rendered statically because it used `cookies`. See more info here: https://nextjs.org/docs/messages/dynamic-server-error
    at l (/workspaces/EventHaiti/.next/server/chunks/8948.js:1:56329)
    at f (/workspaces/EventHaiti/.next/server/chunks/1615.js:1:1692)
    at o (/workspaces/EventHaiti/.next/server/app/api/admin/analytics/route.js:1:20779)
    at d (/workspaces/EventHaiti/.next/server/app/api/admin/analytics/route.js:1:8206)
    at u (/workspaces/EventHaiti/.next/server/app/api/admin/analytics/route.js:1:8799)
    at m (/workspaces/EventHaiti/.next/server/app/organizer/scan/page.js:1:13798)
    at eh (/workspaces/EventHaiti/node_modules/next/dist/compiled/next-server/app-page.runtime.prod.js:12:134660)
    at e (/workspaces/EventHaiti/node_modules/next/dist/compiled/next-server/app-page.runtime.prod.js:12:137545)
    at ek (/workspaces/EventHaiti/node_modules/next/dist/compiled/next-server/app-page.runtime.prod.js:12:138019)
    at Array.toJSON (/workspaces/EventHaiti/node_modules/next/dist/compiled/next-server/app-page.runtime.prod.js:12:135629) {
  description: "Route /organizer/scan couldn't be rendered statically because it used `cookies`. See more info here: https://nextjs.org/docs/messages/dynamic-server-error",
  digest: 'DYNAMIC_SERVER_USAGE'
}
Session verification error: n [Error]: Dynamic server usage: Route /organizer/settings/danger-zone couldn't be rendered statically because it used `cookies`. See more info here: https://nextjs.org/docs/messages/dynamic-server-error
    at l (/workspaces/EventHaiti/.next/server/chunks/8948.js:1:56329)
    at f (/workspaces/EventHaiti/.next/server/chunks/1615.js:1:1692)
    at o (/workspaces/EventHaiti/.next/server/app/api/admin/analytics/route.js:1:20779)
    at d (/workspaces/EventHaiti/.next/server/app/api/admin/analytics/route.js:1:8206)
    at x (/workspaces/EventHaiti/.next/server/app/organizer/settings/danger-zone/page.js:1:13402)
    at eh (/workspaces/EventHaiti/node_modules/next/dist/compiled/next-server/app-page.runtime.prod.js:12:134660)
    at e (/workspaces/EventHaiti/node_modules/next/dist/compiled/next-server/app-page.runtime.prod.js:12:137545)
    at ek (/workspaces/EventHaiti/node_modules/next/dist/compiled/next-server/app-page.runtime.prod.js:12:138019)
    at Array.toJSON (/workspaces/EventHaiti/node_modules/next/dist/compiled/next-server/app-page.runtime.prod.js:12:135629)
    at stringify (<anonymous>) {
  description: "Route /organizer/settings/danger-zone couldn't be rendered statically because it used `cookies`. See more info here: https://nextjs.org/docs/messages/dynamic-server-error",
  digest: 'DYNAMIC_SERVER_USAGE'
}
Session verification error: n [Error]: Dynamic server usage: Route /organizer/settings/danger-zone couldn't be rendered statically because it used `cookies`. See more info here: https://nextjs.org/docs/messages/dynamic-server-error
    at l (/workspaces/EventHaiti/.next/server/chunks/8948.js:1:56329)
    at f (/workspaces/EventHaiti/.next/server/chunks/1615.js:1:1692)
    at o (/workspaces/EventHaiti/.next/server/app/api/admin/analytics/route.js:1:20779)
    at d (/workspaces/EventHaiti/.next/server/app/api/admin/analytics/route.js:1:8206)
    at x (/workspaces/EventHaiti/.next/server/app/organizer/settings/danger-zone/page.js:1:13402)
    at eh (/workspaces/EventHaiti/node_modules/next/dist/compiled/next-server/app-page.runtime.prod.js:12:134660)
    at e (/workspaces/EventHaiti/node_modules/next/dist/compiled/next-server/app-page.runtime.prod.js:12:137545)
    at ek (/workspaces/EventHaiti/node_modules/next/dist/compiled/next-server/app-page.runtime.prod.js:12:138019)
    at Array.toJSON (/workspaces/EventHaiti/node_modules/next/dist/compiled/next-server/app-page.runtime.prod.js:12:135629)
    at stringify (<anonymous>) {
  description: "Route /organizer/settings/danger-zone couldn't be rendered statically because it used `cookies`. See more info here: https://nextjs.org/docs/messages/dynamic-server-error",
  digest: 'DYNAMIC_SERVER_USAGE'
}
Session verification error: n [Error]: Dynamic server usage: Route /organizer/settings/defaults couldn't be rendered statically because it used `cookies`. See more info here: https://nextjs.org/docs/messages/dynamic-server-error
    at l (/workspaces/EventHaiti/.next/server/chunks/8948.js:1:56329)
    at f (/workspaces/EventHaiti/.next/server/chunks/1615.js:1:1692)
    at o (/workspaces/EventHaiti/.next/server/app/api/admin/analytics/route.js:1:20779)
    at d (/workspaces/EventHaiti/.next/server/app/api/admin/analytics/route.js:1:8206)
    at p (/workspaces/EventHaiti/.next/server/app/organizer/settings/defaults/page.js:1:11161)
    at eh (/workspaces/EventHaiti/node_modules/next/dist/compiled/next-server/app-page.runtime.prod.js:12:134660)
    at e (/workspaces/EventHaiti/node_modules/next/dist/compiled/next-server/app-page.runtime.prod.js:12:137545)
    at ek (/workspaces/EventHaiti/node_modules/next/dist/compiled/next-server/app-page.runtime.prod.js:12:138019)
    at Array.toJSON (/workspaces/EventHaiti/node_modules/next/dist/compiled/next-server/app-page.runtime.prod.js:12:135629)
    at stringify (<anonymous>) {
  description: "Route /organizer/settings/defaults couldn't be rendered statically because it used `cookies`. See more info here: https://nextjs.org/docs/messages/dynamic-server-error",
  digest: 'DYNAMIC_SERVER_USAGE'
}
Session verification error: n [Error]: Dynamic server usage: Route /organizer/settings/defaults couldn't be rendered statically because it used `cookies`. See more info here: https://nextjs.org/docs/messages/dynamic-server-error
    at l (/workspaces/EventHaiti/.next/server/chunks/8948.js:1:56329)
    at f (/workspaces/EventHaiti/.next/server/chunks/1615.js:1:1692)
    at o (/workspaces/EventHaiti/.next/server/app/api/admin/analytics/route.js:1:20779)
    at d (/workspaces/EventHaiti/.next/server/app/api/admin/analytics/route.js:1:8206)
    at p (/workspaces/EventHaiti/.next/server/app/organizer/settings/defaults/page.js:1:11161)
    at eh (/workspaces/EventHaiti/node_modules/next/dist/compiled/next-server/app-page.runtime.prod.js:12:134660)
    at e (/workspaces/EventHaiti/node_modules/next/dist/compiled/next-server/app-page.runtime.prod.js:12:137545)
    at ek (/workspaces/EventHaiti/node_modules/next/dist/compiled/next-server/app-page.runtime.prod.js:12:138019)
    at Array.toJSON (/workspaces/EventHaiti/node_modules/next/dist/compiled/next-server/app-page.runtime.prod.js:12:135629)
    at stringify (<anonymous>) {
  description: "Route /organizer/settings/defaults couldn't be rendered statically because it used `cookies`. See more info here: https://nextjs.org/docs/messages/dynamic-server-error",
  digest: 'DYNAMIC_SERVER_USAGE'
}
Session verification error: n [Error]: Dynamic server usage: Route /organizer/settings/notifications couldn't be rendered statically because it used `cookies`. See more info here: https://nextjs.org/docs/messages/dynamic-server-error
    at l (/workspaces/EventHaiti/.next/server/chunks/8948.js:1:56329)
    at f (/workspaces/EventHaiti/.next/server/chunks/1615.js:1:1692)
    at o (/workspaces/EventHaiti/.next/server/app/api/admin/analytics/route.js:1:20779)
    at d (/workspaces/EventHaiti/.next/server/app/api/admin/analytics/route.js:1:8206)
    at x (/workspaces/EventHaiti/.next/server/app/organizer/settings/notifications/page.js:1:9673)
    at eh (/workspaces/EventHaiti/node_modules/next/dist/compiled/next-server/app-page.runtime.prod.js:12:134660)
    at e (/workspaces/EventHaiti/node_modules/next/dist/compiled/next-server/app-page.runtime.prod.js:12:137545)
    at ek (/workspaces/EventHaiti/node_modules/next/dist/compiled/next-server/app-page.runtime.prod.js:12:138019)
    at Array.toJSON (/workspaces/EventHaiti/node_modules/next/dist/compiled/next-server/app-page.runtime.prod.js:12:135629)
    at stringify (<anonymous>) {
  description: "Route /organizer/settings/notifications couldn't be rendered statically because it used `cookies`. See more info here: https://nextjs.org/docs/messages/dynamic-server-error",
  digest: 'DYNAMIC_SERVER_USAGE'
}
Session verification error: n [Error]: Dynamic server usage: Route /organizer/settings/notifications couldn't be rendered statically because it used `cookies`. See more info here: https://nextjs.org/docs/messages/dynamic-server-error
    at l (/workspaces/EventHaiti/.next/server/chunks/8948.js:1:56329)
    at f (/workspaces/EventHaiti/.next/server/chunks/1615.js:1:1692)
    at o (/workspaces/EventHaiti/.next/server/app/api/admin/analytics/route.js:1:20779)
    at d (/workspaces/EventHaiti/.next/server/app/api/admin/analytics/route.js:1:8206)
    at x (/workspaces/EventHaiti/.next/server/app/organizer/settings/notifications/page.js:1:9673)
    at eh (/workspaces/EventHaiti/node_modules/next/dist/compiled/next-server/app-page.runtime.prod.js:12:134660)
    at e (/workspaces/EventHaiti/node_modules/next/dist/compiled/next-server/app-page.runtime.prod.js:12:137545)
    at ek (/workspaces/EventHaiti/node_modules/next/dist/compiled/next-server/app-page.runtime.prod.js:12:138019)
    at Array.toJSON (/workspaces/EventHaiti/node_modules/next/dist/compiled/next-server/app-page.runtime.prod.js:12:135629)
    at stringify (<anonymous>) {
  description: "Route /organizer/settings/notifications couldn't be rendered statically because it used `cookies`. See more info here: https://nextjs.org/docs/messages/dynamic-server-error",
  digest: 'DYNAMIC_SERVER_USAGE'
}
Session verification error: n [Error]: Dynamic server usage: Route /organizer/settings/organization couldn't be rendered statically because it used `cookies`. See more info here: https://nextjs.org/docs/messages/dynamic-server-error
    at l (/workspaces/EventHaiti/.next/server/chunks/8948.js:1:56329)
    at f (/workspaces/EventHaiti/.next/server/chunks/1615.js:1:1692)
    at o (/workspaces/EventHaiti/.next/server/app/api/admin/analytics/route.js:1:20779)
    at d (/workspaces/EventHaiti/.next/server/app/api/admin/analytics/route.js:1:8206)
    at u (/workspaces/EventHaiti/.next/server/app/organizer/settings/organization/page.js:1:13552)
    at eh (/workspaces/EventHaiti/node_modules/next/dist/compiled/next-server/app-page.runtime.prod.js:12:134660)
    at e (/workspaces/EventHaiti/node_modules/next/dist/compiled/next-server/app-page.runtime.prod.js:12:137545)
    at ek (/workspaces/EventHaiti/node_modules/next/dist/compiled/next-server/app-page.runtime.prod.js:12:138019)
    at Array.toJSON (/workspaces/EventHaiti/node_modules/next/dist/compiled/next-server/app-page.runtime.prod.js:12:135629)
    at stringify (<anonymous>) {
  description: "Route /organizer/settings/organization couldn't be rendered statically because it used `cookies`. See more info here: https://nextjs.org/docs/messages/dynamic-server-error",
  digest: 'DYNAMIC_SERVER_USAGE'
}
Session verification error: n [Error]: Dynamic server usage: Route /organizer/settings/organization couldn't be rendered statically because it used `cookies`. See more info here: https://nextjs.org/docs/messages/dynamic-server-error
    at l (/workspaces/EventHaiti/.next/server/chunks/8948.js:1:56329)
    at f (/workspaces/EventHaiti/.next/server/chunks/1615.js:1:1692)
    at o (/workspaces/EventHaiti/.next/server/app/api/admin/analytics/route.js:1:20779)
    at d (/workspaces/EventHaiti/.next/server/app/api/admin/analytics/route.js:1:8206)
    at u (/workspaces/EventHaiti/.next/server/app/organizer/settings/organization/page.js:1:13552)
    at eh (/workspaces/EventHaiti/node_modules/next/dist/compiled/next-server/app-page.runtime.prod.js:12:134660)
    at e (/workspaces/EventHaiti/node_modules/next/dist/compiled/next-server/app-page.runtime.prod.js:12:137545)
    at ek (/workspaces/EventHaiti/node_modules/next/dist/compiled/next-server/app-page.runtime.prod.js:12:138019)
    at Array.toJSON (/workspaces/EventHaiti/node_modules/next/dist/compiled/next-server/app-page.runtime.prod.js:12:135629)
    at stringify (<anonymous>) {
  description: "Route /organizer/settings/organization couldn't be rendered statically because it used `cookies`. See more info here: https://nextjs.org/docs/messages/dynamic-server-error",
  digest: 'DYNAMIC_SERVER_USAGE'
}
Session verification error: n [Error]: Dynamic server usage: Route /organizer/settings/profile couldn't be rendered statically because it used `cookies`. See more info here: https://nextjs.org/docs/messages/dynamic-server-error
    at l (/workspaces/EventHaiti/.next/server/chunks/8948.js:1:56329)
    at f (/workspaces/EventHaiti/.next/server/chunks/1615.js:1:1692)
    at o (/workspaces/EventHaiti/.next/server/app/api/admin/analytics/route.js:1:20779)
    at d (/workspaces/EventHaiti/.next/server/app/api/admin/analytics/route.js:1:8206)
    at m (/workspaces/EventHaiti/.next/server/app/organizer/settings/profile/page.js:1:10731)
    at eh (/workspaces/EventHaiti/node_modules/next/dist/compiled/next-server/app-page.runtime.prod.js:12:134660)
    at e (/workspaces/EventHaiti/node_modules/next/dist/compiled/next-server/app-page.runtime.prod.js:12:137545)
    at ek (/workspaces/EventHaiti/node_modules/next/dist/compiled/next-server/app-page.runtime.prod.js:12:138019)
    at Array.toJSON (/workspaces/EventHaiti/node_modules/next/dist/compiled/next-server/app-page.runtime.prod.js:12:135629)
    at stringify (<anonymous>) {
  description: "Route /organizer/settings/profile couldn't be rendered statically because it used `cookies`. See more info here: https://nextjs.org/docs/messages/dynamic-server-error",
  digest: 'DYNAMIC_SERVER_USAGE'
}
Session verification error: n [Error]: Dynamic server usage: Route /organizer/settings/profile couldn't be rendered statically because it used `cookies`. See more info here: https://nextjs.org/docs/messages/dynamic-server-error
    at l (/workspaces/EventHaiti/.next/server/chunks/8948.js:1:56329)
    at f (/workspaces/EventHaiti/.next/server/chunks/1615.js:1:1692)
    at o (/workspaces/EventHaiti/.next/server/app/api/admin/analytics/route.js:1:20779)
    at d (/workspaces/EventHaiti/.next/server/app/api/admin/analytics/route.js:1:8206)
    at m (/workspaces/EventHaiti/.next/server/app/organizer/settings/profile/page.js:1:10731)
    at eh (/workspaces/EventHaiti/node_modules/next/dist/compiled/next-server/app-page.runtime.prod.js:12:134660)
    at e (/workspaces/EventHaiti/node_modules/next/dist/compiled/next-server/app-page.runtime.prod.js:12:137545)
    at ek (/workspaces/EventHaiti/node_modules/next/dist/compiled/next-server/app-page.runtime.prod.js:12:138019)
    at Array.toJSON (/workspaces/EventHaiti/node_modules/next/dist/compiled/next-server/app-page.runtime.prod.js:12:135629)
    at stringify (<anonymous>) {
  description: "Route /organizer/settings/profile couldn't be rendered statically because it used `cookies`. See more info here: https://nextjs.org/docs/messages/dynamic-server-error",
  digest: 'DYNAMIC_SERVER_USAGE'
}
Session verification error: n [Error]: Dynamic server usage: Route /organizer/settings/security couldn't be rendered statically because it used `cookies`. See more info here: https://nextjs.org/docs/messages/dynamic-server-error
    at l (/workspaces/EventHaiti/.next/server/chunks/8948.js:1:56329)
    at f (/workspaces/EventHaiti/.next/server/chunks/1615.js:1:1692)
    at o (/workspaces/EventHaiti/.next/server/app/api/admin/analytics/route.js:1:20779)
    at d (/workspaces/EventHaiti/.next/server/app/api/admin/analytics/route.js:1:8206)
    at p (/workspaces/EventHaiti/.next/server/app/organizer/settings/security/page.js:1:13229)
    at eh (/workspaces/EventHaiti/node_modules/next/dist/compiled/next-server/app-page.runtime.prod.js:12:134660)
    at e (/workspaces/EventHaiti/node_modules/next/dist/compiled/next-server/app-page.runtime.prod.js:12:137545)
    at ek (/workspaces/EventHaiti/node_modules/next/dist/compiled/next-server/app-page.runtime.prod.js:12:138019)
    at Array.toJSON (/workspaces/EventHaiti/node_modules/next/dist/compiled/next-server/app-page.runtime.prod.js:12:135629)
    at stringify (<anonymous>) {
  description: "Route /organizer/settings/security couldn't be rendered statically because it used `cookies`. See more info here: https://nextjs.org/docs/messages/dynamic-server-error",
  digest: 'DYNAMIC_SERVER_USAGE'
}
Session verification error: n [Error]: Dynamic server usage: Route /organizer/settings/security couldn't be rendered statically because it used `cookies`. See more info here: https://nextjs.org/docs/messages/dynamic-server-error
    at l (/workspaces/EventHaiti/.next/server/chunks/8948.js:1:56329)
    at f (/workspaces/EventHaiti/.next/server/chunks/1615.js:1:1692)
    at o (/workspaces/EventHaiti/.next/server/app/api/admin/analytics/route.js:1:20779)
    at d (/workspaces/EventHaiti/.next/server/app/api/admin/analytics/route.js:1:8206)
    at p (/workspaces/EventHaiti/.next/server/app/organizer/settings/security/page.js:1:13229)
    at eh (/workspaces/EventHaiti/node_modules/next/dist/compiled/next-server/app-page.runtime.prod.js:12:134660)
    at e (/workspaces/EventHaiti/node_modules/next/dist/compiled/next-server/app-page.runtime.prod.js:12:137545)
    at ek (/workspaces/EventHaiti/node_modules/next/dist/compiled/next-server/app-page.runtime.prod.js:12:138019)
    at Array.toJSON (/workspaces/EventHaiti/node_modules/next/dist/compiled/next-server/app-page.runtime.prod.js:12:135629)
    at stringify (<anonymous>) {
  description: "Route /organizer/settings/security couldn't be rendered statically because it used `cookies`. See more info here: https://nextjs.org/docs/messages/dynamic-server-error",
  digest: 'DYNAMIC_SERVER_USAGE'
}
   Generating static pages (105/141) 
Session verification error: n [Error]: Dynamic server usage: Route /organizer/settings/team couldn't be rendered statically because it used `cookies`. See more info here: https://nextjs.org/docs/messages/dynamic-server-error
    at l (/workspaces/EventHaiti/.next/server/chunks/8948.js:1:56329)
    at f (/workspaces/EventHaiti/.next/server/chunks/1615.js:1:1692)
    at o (/workspaces/EventHaiti/.next/server/app/api/admin/analytics/route.js:1:20779)
    at d (/workspaces/EventHaiti/.next/server/app/api/admin/analytics/route.js:1:8206)
    at y (/workspaces/EventHaiti/.next/server/app/organizer/settings/team/page.js:1:12457)
    at eh (/workspaces/EventHaiti/node_modules/next/dist/compiled/next-server/app-page.runtime.prod.js:12:134660)
    at e (/workspaces/EventHaiti/node_modules/next/dist/compiled/next-server/app-page.runtime.prod.js:12:137545)
    at ek (/workspaces/EventHaiti/node_modules/next/dist/compiled/next-server/app-page.runtime.prod.js:12:138019)
    at Array.toJSON (/workspaces/EventHaiti/node_modules/next/dist/compiled/next-server/app-page.runtime.prod.js:12:135629)
    at stringify (<anonymous>) {
  description: "Route /organizer/settings/team couldn't be rendered statically because it used `cookies`. See more info here: https://nextjs.org/docs/messages/dynamic-server-error",
  digest: 'DYNAMIC_SERVER_USAGE'
}
Session verification error: n [Error]: Dynamic server usage: Route /organizer/settings/team couldn't be rendered statically because it used `cookies`. See more info here: https://nextjs.org/docs/messages/dynamic-server-error
    at l (/workspaces/EventHaiti/.next/server/chunks/8948.js:1:56329)
    at f (/workspaces/EventHaiti/.next/server/chunks/1615.js:1:1692)
    at o (/workspaces/EventHaiti/.next/server/app/api/admin/analytics/route.js:1:20779)
    at d (/workspaces/EventHaiti/.next/server/app/api/admin/analytics/route.js:1:8206)
    at y (/workspaces/EventHaiti/.next/server/app/organizer/settings/team/page.js:1:12457)
    at eh (/workspaces/EventHaiti/node_modules/next/dist/compiled/next-server/app-page.runtime.prod.js:12:134660)
    at e (/workspaces/EventHaiti/node_modules/next/dist/compiled/next-server/app-page.runtime.prod.js:12:137545)
    at ek (/workspaces/EventHaiti/node_modules/next/dist/compiled/next-server/app-page.runtime.prod.js:12:138019)
    at Array.toJSON (/workspaces/EventHaiti/node_modules/next/dist/compiled/next-server/app-page.runtime.prod.js:12:135629)
    at stringify (<anonymous>) {
  description: "Route /organizer/settings/team couldn't be rendered statically because it used `cookies`. See more info here: https://nextjs.org/docs/messages/dynamic-server-error",
  digest: 'DYNAMIC_SERVER_USAGE'
}
Session verification error: n [Error]: Dynamic server usage: Route /organizer/events/new couldn't be rendered statically because it used `cookies`. See more info here: https://nextjs.org/docs/messages/dynamic-server-error
    at l (/workspaces/EventHaiti/.next/server/chunks/8948.js:1:56329)
    at f (/workspaces/EventHaiti/.next/server/chunks/1615.js:1:1692)
    at o (/workspaces/EventHaiti/.next/server/app/api/admin/analytics/route.js:1:20779)
    at d (/workspaces/EventHaiti/.next/server/app/api/admin/analytics/route.js:1:8206)
    at u (/workspaces/EventHaiti/.next/server/app/api/admin/analytics/route.js:1:8799)
    at x (/workspaces/EventHaiti/.next/server/app/organizer/events/new/page.js:1:4510)
    at eh (/workspaces/EventHaiti/node_modules/next/dist/compiled/next-server/app-page.runtime.prod.js:12:134660)
    at e (/workspaces/EventHaiti/node_modules/next/dist/compiled/next-server/app-page.runtime.prod.js:12:137545)
    at ek (/workspaces/EventHaiti/node_modules/next/dist/compiled/next-server/app-page.runtime.prod.js:12:138019)
    at Array.toJSON (/workspaces/EventHaiti/node_modules/next/dist/compiled/next-server/app-page.runtime.prod.js:12:135629) {
  description: "Route /organizer/events/new couldn't be rendered statically because it used `cookies`. See more info here: https://nextjs.org/docs/messages/dynamic-server-error",
  digest: 'DYNAMIC_SERVER_USAGE'
}
Session verification error: n [Error]: Dynamic server usage: Route /organizer/events/new couldn't be rendered statically because it used `cookies`. See more info here: https://nextjs.org/docs/messages/dynamic-server-error
    at l (/workspaces/EventHaiti/.next/server/chunks/8948.js:1:56329)
    at f (/workspaces/EventHaiti/.next/server/chunks/1615.js:1:1692)
    at o (/workspaces/EventHaiti/.next/server/app/api/admin/analytics/route.js:1:20779)
    at d (/workspaces/EventHaiti/.next/server/app/api/admin/analytics/route.js:1:8206)
    at u (/workspaces/EventHaiti/.next/server/app/api/admin/analytics/route.js:1:8799)
    at x (/workspaces/EventHaiti/.next/server/app/organizer/events/new/page.js:1:4510)
    at eh (/workspaces/EventHaiti/node_modules/next/dist/compiled/next-server/app-page.runtime.prod.js:12:134660)
    at e (/workspaces/EventHaiti/node_modules/next/dist/compiled/next-server/app-page.runtime.prod.js:12:137545)
    at ek (/workspaces/EventHaiti/node_modules/next/dist/compiled/next-server/app-page.runtime.prod.js:12:138019)
    at Array.toJSON (/workspaces/EventHaiti/node_modules/next/dist/compiled/next-server/app-page.runtime.prod.js:12:135629) {
  description: "Route /organizer/events/new couldn't be rendered statically because it used `cookies`. See more info here: https://nextjs.org/docs/messages/dynamic-server-error",
  digest: 'DYNAMIC_SERVER_USAGE'
}
Session verification error: n [Error]: Dynamic server usage: Route /admin/events couldn't be rendered statically because it used `cookies`. See more info here: https://nextjs.org/docs/messages/dynamic-server-error
    at l (/workspaces/EventHaiti/.next/server/chunks/8948.js:1:56329)
    at f (/workspaces/EventHaiti/.next/server/chunks/1615.js:1:1692)
    at o (/workspaces/EventHaiti/.next/server/app/api/admin/analytics/route.js:1:20779)
    at d (/workspaces/EventHaiti/.next/server/app/api/admin/analytics/route.js:1:8206)
    at u (/workspaces/EventHaiti/.next/server/app/api/admin/analytics/route.js:1:8799)
    at x (/workspaces/EventHaiti/.next/server/app/admin/events/page.js:7:19051)
    at eh (/workspaces/EventHaiti/node_modules/next/dist/compiled/next-server/app-page.runtime.prod.js:12:134660)
    at e (/workspaces/EventHaiti/node_modules/next/dist/compiled/next-server/app-page.runtime.prod.js:12:137545)
    at ek (/workspaces/EventHaiti/node_modules/next/dist/compiled/next-server/app-page.runtime.prod.js:12:138019)
    at Array.toJSON (/workspaces/EventHaiti/node_modules/next/dist/compiled/next-server/app-page.runtime.prod.js:12:135629) {
  description: "Route /admin/events couldn't be rendered statically because it used `cookies`. See more info here: https://nextjs.org/docs/messages/dynamic-server-error",
  digest: 'DYNAMIC_SERVER_USAGE'
}
Session verification error: n [Error]: Dynamic server usage: Route /admin/events couldn't be rendered statically because it used `cookies`. See more info here: https://nextjs.org/docs/messages/dynamic-server-error
    at l (/workspaces/EventHaiti/.next/server/chunks/8948.js:1:56329)
    at f (/workspaces/EventHaiti/.next/server/chunks/1615.js:1:1692)
    at o (/workspaces/EventHaiti/.next/server/app/api/admin/analytics/route.js:1:20779)
    at d (/workspaces/EventHaiti/.next/server/app/api/admin/analytics/route.js:1:8206)
    at u (/workspaces/EventHaiti/.next/server/app/api/admin/analytics/route.js:1:8799)
    at x (/workspaces/EventHaiti/.next/server/app/admin/events/page.js:7:19051)
    at eh (/workspaces/EventHaiti/node_modules/next/dist/compiled/next-server/app-page.runtime.prod.js:12:134660)
    at e (/workspaces/EventHaiti/node_modules/next/dist/compiled/next-server/app-page.runtime.prod.js:12:137545)
    at ek (/workspaces/EventHaiti/node_modules/next/dist/compiled/next-server/app-page.runtime.prod.js:12:138019)
    at Array.toJSON (/workspaces/EventHaiti/node_modules/next/dist/compiled/next-server/app-page.runtime.prod.js:12:135629) {
  description: "Route /admin/events couldn't be rendered statically because it used `cookies`. See more info here: https://nextjs.org/docs/messages/dynamic-server-error",
  digest: 'DYNAMIC_SERVER_USAGE'
}
Session verification error: n [Error]: Dynamic server usage: Route /admin/payouts couldn't be rendered statically because it used `cookies`. See more info here: https://nextjs.org/docs/messages/dynamic-server-error
    at l (/workspaces/EventHaiti/.next/server/chunks/8948.js:1:56329)
    at f (/workspaces/EventHaiti/.next/server/chunks/1615.js:1:1692)
    at o (/workspaces/EventHaiti/.next/server/app/api/admin/analytics/route.js:1:20779)
    at d (/workspaces/EventHaiti/.next/server/app/api/admin/analytics/route.js:1:8206)
    at u (/workspaces/EventHaiti/.next/server/app/admin/payouts/page.js:1:12287)
    at eh (/workspaces/EventHaiti/node_modules/next/dist/compiled/next-server/app-page.runtime.prod.js:12:134660)
    at e (/workspaces/EventHaiti/node_modules/next/dist/compiled/next-server/app-page.runtime.prod.js:12:137545)
    at ek (/workspaces/EventHaiti/node_modules/next/dist/compiled/next-server/app-page.runtime.prod.js:12:138019)
    at Array.toJSON (/workspaces/EventHaiti/node_modules/next/dist/compiled/next-server/app-page.runtime.prod.js:12:135629)
    at stringify (<anonymous>) {
  description: "Route /admin/payouts couldn't be rendered statically because it used `cookies`. See more info here: https://nextjs.org/docs/messages/dynamic-server-error",
  digest: 'DYNAMIC_SERVER_USAGE'
}
Session verification error: n [Error]: Dynamic server usage: Route /admin/payouts couldn't be rendered statically because it used `cookies`. See more info here: https://nextjs.org/docs/messages/dynamic-server-error
    at l (/workspaces/EventHaiti/.next/server/chunks/8948.js:1:56329)
    at f (/workspaces/EventHaiti/.next/server/chunks/1615.js:1:1692)
    at o (/workspaces/EventHaiti/.next/server/app/api/admin/analytics/route.js:1:20779)
    at d (/workspaces/EventHaiti/.next/server/app/api/admin/analytics/route.js:1:8206)
    at u (/workspaces/EventHaiti/.next/server/app/admin/payouts/page.js:1:12287)
    at eh (/workspaces/EventHaiti/node_modules/next/dist/compiled/next-server/app-page.runtime.prod.js:12:134660)
    at e (/workspaces/EventHaiti/node_modules/next/dist/compiled/next-server/app-page.runtime.prod.js:12:137545)
    at ek (/workspaces/EventHaiti/node_modules/next/dist/compiled/next-server/app-page.runtime.prod.js:12:138019)
    at Array.toJSON (/workspaces/EventHaiti/node_modules/next/dist/compiled/next-server/app-page.runtime.prod.js:12:135629)
    at stringify (<anonymous>) {
  description: "Route /admin/payouts couldn't be rendered statically because it used `cookies`. See more info here: https://nextjs.org/docs/messages/dynamic-server-error",
  digest: 'DYNAMIC_SERVER_USAGE'
}
Session verification error: n [Error]: Dynamic server usage: Route /admin/users couldn't be rendered statically because it used `cookies`. See more info here: https://nextjs.org/docs/messages/dynamic-server-error
    at l (/workspaces/EventHaiti/.next/server/chunks/8948.js:1:56329)
    at f (/workspaces/EventHaiti/.next/server/chunks/1615.js:1:1692)
    at o (/workspaces/EventHaiti/.next/server/app/api/admin/analytics/route.js:1:20779)
    at d (/workspaces/EventHaiti/.next/server/app/api/admin/analytics/route.js:1:8206)
    at f (/workspaces/EventHaiti/.next/server/app/admin/users/page.js:1:14005)
    at eh (/workspaces/EventHaiti/node_modules/next/dist/compiled/next-server/app-page.runtime.prod.js:12:134660)
    at e (/workspaces/EventHaiti/node_modules/next/dist/compiled/next-server/app-page.runtime.prod.js:12:137545)
    at ek (/workspaces/EventHaiti/node_modules/next/dist/compiled/next-server/app-page.runtime.prod.js:12:138019)
    at Array.toJSON (/workspaces/EventHaiti/node_modules/next/dist/compiled/next-server/app-page.runtime.prod.js:12:135629)
    at stringify (<anonymous>) {
  description: "Route /admin/users couldn't be rendered statically because it used `cookies`. See more info here: https://nextjs.org/docs/messages/dynamic-server-error",
  digest: 'DYNAMIC_SERVER_USAGE'
}
Session verification error: n [Error]: Dynamic server usage: Route /admin/users couldn't be rendered statically because it used `cookies`. See more info here: https://nextjs.org/docs/messages/dynamic-server-error
    at l (/workspaces/EventHaiti/.next/server/chunks/8948.js:1:56329)
    at f (/workspaces/EventHaiti/.next/server/chunks/1615.js:1:1692)
    at o (/workspaces/EventHaiti/.next/server/app/api/admin/analytics/route.js:1:20779)
    at d (/workspaces/EventHaiti/.next/server/app/api/admin/analytics/route.js:1:8206)
    at f (/workspaces/EventHaiti/.next/server/app/admin/users/page.js:1:14005)
    at eh (/workspaces/EventHaiti/node_modules/next/dist/compiled/next-server/app-page.runtime.prod.js:12:134660)
    at e (/workspaces/EventHaiti/node_modules/next/dist/compiled/next-server/app-page.runtime.prod.js:12:137545)
    at ek (/workspaces/EventHaiti/node_modules/next/dist/compiled/next-server/app-page.runtime.prod.js:12:138019)
    at Array.toJSON (/workspaces/EventHaiti/node_modules/next/dist/compiled/next-server/app-page.runtime.prod.js:12:135629)
    at stringify (<anonymous>) {
  description: "Route /admin/users couldn't be rendered statically because it used `cookies`. See more info here: https://nextjs.org/docs/messages/dynamic-server-error",
  digest: 'DYNAMIC_SERVER_USAGE'
}
Session verification error: n [Error]: Dynamic server usage: Route /categories couldn't be rendered statically because it used `cookies`. See more info here: https://nextjs.org/docs/messages/dynamic-server-error
    at l (/workspaces/EventHaiti/.next/server/chunks/8948.js:1:56329)
    at f (/workspaces/EventHaiti/.next/server/chunks/1615.js:1:1692)
    at o (/workspaces/EventHaiti/.next/server/app/api/admin/analytics/route.js:1:20779)
    at d (/workspaces/EventHaiti/.next/server/app/api/admin/analytics/route.js:1:8206)
    at m (/workspaces/EventHaiti/.next/server/app/categories/page.js:1:12198)
    at eh (/workspaces/EventHaiti/node_modules/next/dist/compiled/next-server/app-page.runtime.prod.js:12:134660)
    at e (/workspaces/EventHaiti/node_modules/next/dist/compiled/next-server/app-page.runtime.prod.js:12:137545)
    at ek (/workspaces/EventHaiti/node_modules/next/dist/compiled/next-server/app-page.runtime.prod.js:12:138019)
    at Array.toJSON (/workspaces/EventHaiti/node_modules/next/dist/compiled/next-server/app-page.runtime.prod.js:12:135629)
    at stringify (<anonymous>) {
  description: "Route /categories couldn't be rendered statically because it used `cookies`. See more info here: https://nextjs.org/docs/messages/dynamic-server-error",
  digest: 'DYNAMIC_SERVER_USAGE'
}
Session verification error: n [Error]: Dynamic server usage: Route /categories couldn't be rendered statically because it used `cookies`. See more info here: https://nextjs.org/docs/messages/dynamic-server-error
    at l (/workspaces/EventHaiti/.next/server/chunks/8948.js:1:56329)
    at f (/workspaces/EventHaiti/.next/server/chunks/1615.js:1:1692)
    at o (/workspaces/EventHaiti/.next/server/app/api/admin/analytics/route.js:1:20779)
    at d (/workspaces/EventHaiti/.next/server/app/api/admin/analytics/route.js:1:8206)
    at m (/workspaces/EventHaiti/.next/server/app/categories/page.js:1:12198)
    at eh (/workspaces/EventHaiti/node_modules/next/dist/compiled/next-server/app-page.runtime.prod.js:12:134660)
    at e (/workspaces/EventHaiti/node_modules/next/dist/compiled/next-server/app-page.runtime.prod.js:12:137545)
    at ek (/workspaces/EventHaiti/node_modules/next/dist/compiled/next-server/app-page.runtime.prod.js:12:138019)
    at Array.toJSON (/workspaces/EventHaiti/node_modules/next/dist/compiled/next-server/app-page.runtime.prod.js:12:135629)
    at stringify (<anonymous>) {
  description: "Route /categories couldn't be rendered statically because it used `cookies`. See more info here: https://nextjs.org/docs/messages/dynamic-server-error",
  digest: 'DYNAMIC_SERVER_USAGE'
}
Session verification error: n [Error]: Dynamic server usage: Route /admin/analytics couldn't be rendered statically because it used `cookies`. See more info here: https://nextjs.org/docs/messages/dynamic-server-error
    at l (/workspaces/EventHaiti/.next/server/chunks/8948.js:1:56329)
    at f (/workspaces/EventHaiti/.next/server/chunks/1615.js:1:1692)
    at o (/workspaces/EventHaiti/.next/server/app/api/admin/analytics/route.js:1:20779)
    at d (/workspaces/EventHaiti/.next/server/app/api/admin/analytics/route.js:1:8206)
    at m (/workspaces/EventHaiti/.next/server/app/admin/analytics/page.js:1:7378)
    at eh (/workspaces/EventHaiti/node_modules/next/dist/compiled/next-server/app-page.runtime.prod.js:12:134660)
    at e (/workspaces/EventHaiti/node_modules/next/dist/compiled/next-server/app-page.runtime.prod.js:12:137545)
    at ek (/workspaces/EventHaiti/node_modules/next/dist/compiled/next-server/app-page.runtime.prod.js:12:138019)
    at Array.toJSON (/workspaces/EventHaiti/node_modules/next/dist/compiled/next-server/app-page.runtime.prod.js:12:135629)
    at stringify (<anonymous>) {
  description: "Route /admin/analytics couldn't be rendered statically because it used `cookies`. See more info here: https://nextjs.org/docs/messages/dynamic-server-error",
  digest: 'DYNAMIC_SERVER_USAGE'
}
Session verification error: n [Error]: Dynamic server usage: Route /admin/analytics couldn't be rendered statically because it used `cookies`. See more info here: https://nextjs.org/docs/messages/dynamic-server-error
    at l (/workspaces/EventHaiti/.next/server/chunks/8948.js:1:56329)
    at f (/workspaces/EventHaiti/.next/server/chunks/1615.js:1:1692)
    at o (/workspaces/EventHaiti/.next/server/app/api/admin/analytics/route.js:1:20779)
    at d (/workspaces/EventHaiti/.next/server/app/api/admin/analytics/route.js:1:8206)
    at m (/workspaces/EventHaiti/.next/server/app/admin/analytics/page.js:1:7378)
    at eh (/workspaces/EventHaiti/node_modules/next/dist/compiled/next-server/app-page.runtime.prod.js:12:134660)
    at e (/workspaces/EventHaiti/node_modules/next/dist/compiled/next-server/app-page.runtime.prod.js:12:137545)
    at ek (/workspaces/EventHaiti/node_modules/next/dist/compiled/next-server/app-page.runtime.prod.js:12:138019)
    at Array.toJSON (/workspaces/EventHaiti/node_modules/next/dist/compiled/next-server/app-page.runtime.prod.js:12:135629)
    at stringify (<anonymous>) {
  description: "Route /admin/analytics couldn't be rendered statically because it used `cookies`. See more info here: https://nextjs.org/docs/messages/dynamic-server-error",
  digest: 'DYNAMIC_SERVER_USAGE'
}
Session verification error: n [Error]: Dynamic server usage: Route /favorites couldn't be rendered statically because it used `cookies`. See more info here: https://nextjs.org/docs/messages/dynamic-server-error
    at l (/workspaces/EventHaiti/.next/server/chunks/8948.js:1:56329)
    at f (/workspaces/EventHaiti/.next/server/chunks/1615.js:1:1692)
    at o (/workspaces/EventHaiti/.next/server/app/api/admin/analytics/route.js:1:20779)
    at d (/workspaces/EventHaiti/.next/server/app/api/admin/analytics/route.js:1:8206)
    at m (/workspaces/EventHaiti/.next/server/app/favorites/page.js:1:15519)
    at eh (/workspaces/EventHaiti/node_modules/next/dist/compiled/next-server/app-page.runtime.prod.js:12:134660)
    at e (/workspaces/EventHaiti/node_modules/next/dist/compiled/next-server/app-page.runtime.prod.js:12:137545)
    at ek (/workspaces/EventHaiti/node_modules/next/dist/compiled/next-server/app-page.runtime.prod.js:12:138019)
    at Array.toJSON (/workspaces/EventHaiti/node_modules/next/dist/compiled/next-server/app-page.runtime.prod.js:12:135629)
    at stringify (<anonymous>) {
  description: "Route /favorites couldn't be rendered statically because it used `cookies`. See more info here: https://nextjs.org/docs/messages/dynamic-server-error",
  digest: 'DYNAMIC_SERVER_USAGE'
}
Session verification error: n [Error]: Dynamic server usage: Route /favorites couldn't be rendered statically because it used `cookies`. See more info here: https://nextjs.org/docs/messages/dynamic-server-error
    at l (/workspaces/EventHaiti/.next/server/chunks/8948.js:1:56329)
    at f (/workspaces/EventHaiti/.next/server/chunks/1615.js:1:1692)
    at o (/workspaces/EventHaiti/.next/server/app/api/admin/analytics/route.js:1:20779)
    at d (/workspaces/EventHaiti/.next/server/app/api/admin/analytics/route.js:1:8206)
    at m (/workspaces/EventHaiti/.next/server/app/favorites/page.js:1:15519)
    at eh (/workspaces/EventHaiti/node_modules/next/dist/compiled/next-server/app-page.runtime.prod.js:12:134660)
    at e (/workspaces/EventHaiti/node_modules/next/dist/compiled/next-server/app-page.runtime.prod.js:12:137545)
    at ek (/workspaces/EventHaiti/node_modules/next/dist/compiled/next-server/app-page.runtime.prod.js:12:138019)
    at Array.toJSON (/workspaces/EventHaiti/node_modules/next/dist/compiled/next-server/app-page.runtime.prod.js:12:135629)
    at stringify (<anonymous>) {
  description: "Route /favorites couldn't be rendered statically because it used `cookies`. See more info here: https://nextjs.org/docs/messages/dynamic-server-error",
  digest: 'DYNAMIC_SERVER_USAGE'
}
Session verification error: n [Error]: Dynamic server usage: Route /notifications couldn't be rendered statically because it used `cookies`. See more info here: https://nextjs.org/docs/messages/dynamic-server-error
    at l (/workspaces/EventHaiti/.next/server/chunks/8948.js:1:56329)
    at f (/workspaces/EventHaiti/.next/server/chunks/1615.js:1:1692)
    at o (/workspaces/EventHaiti/.next/server/app/api/admin/analytics/route.js:1:20779)
    at d (/workspaces/EventHaiti/.next/server/app/api/admin/analytics/route.js:1:8206)
    at p (/workspaces/EventHaiti/.next/server/app/notifications/page.js:4:2482)
    at eh (/workspaces/EventHaiti/node_modules/next/dist/compiled/next-server/app-page.runtime.prod.js:12:134660)
    at e (/workspaces/EventHaiti/node_modules/next/dist/compiled/next-server/app-page.runtime.prod.js:12:137545)
    at ek (/workspaces/EventHaiti/node_modules/next/dist/compiled/next-server/app-page.runtime.prod.js:12:138019)
    at Array.toJSON (/workspaces/EventHaiti/node_modules/next/dist/compiled/next-server/app-page.runtime.prod.js:12:135629)
    at stringify (<anonymous>) {
  description: "Route /notifications couldn't be rendered statically because it used `cookies`. See more info here: https://nextjs.org/docs/messages/dynamic-server-error",
  digest: 'DYNAMIC_SERVER_USAGE'
}
Session verification error: n [Error]: Dynamic server usage: Route /notifications couldn't be rendered statically because it used `cookies`. See more info here: https://nextjs.org/docs/messages/dynamic-server-error
    at l (/workspaces/EventHaiti/.next/server/chunks/8948.js:1:56329)
    at f (/workspaces/EventHaiti/.next/server/chunks/1615.js:1:1692)
    at o (/workspaces/EventHaiti/.next/server/app/api/admin/analytics/route.js:1:20779)
    at d (/workspaces/EventHaiti/.next/server/app/api/admin/analytics/route.js:1:8206)
    at p (/workspaces/EventHaiti/.next/server/app/notifications/page.js:4:2482)
    at eh (/workspaces/EventHaiti/node_modules/next/dist/compiled/next-server/app-page.runtime.prod.js:12:134660)
    at e (/workspaces/EventHaiti/node_modules/next/dist/compiled/next-server/app-page.runtime.prod.js:12:137545)
    at ek (/workspaces/EventHaiti/node_modules/next/dist/compiled/next-server/app-page.runtime.prod.js:12:138019)
    at Array.toJSON (/workspaces/EventHaiti/node_modules/next/dist/compiled/next-server/app-page.runtime.prod.js:12:135629)
    at stringify (<anonymous>) {
  description: "Route /notifications couldn't be rendered statically because it used `cookies`. See more info here: https://nextjs.org/docs/messages/dynamic-server-error",
  digest: 'DYNAMIC_SERVER_USAGE'
}
Session verification error: n [Error]: Dynamic server usage: Route /organizer couldn't be rendered statically because it used `cookies`. See more info here: https://nextjs.org/docs/messages/dynamic-server-error
    at l (/workspaces/EventHaiti/.next/server/chunks/8948.js:1:56329)
    at f (/workspaces/EventHaiti/.next/server/chunks/1615.js:1:1692)
    at o (/workspaces/EventHaiti/.next/server/app/api/admin/analytics/route.js:1:20779)
    at d (/workspaces/EventHaiti/.next/server/app/api/admin/analytics/route.js:1:8206)
    at u (/workspaces/EventHaiti/.next/server/app/api/admin/analytics/route.js:1:8799)
    at p (/workspaces/EventHaiti/.next/server/app/organizer/page.js:6:4575)
    at eh (/workspaces/EventHaiti/node_modules/next/dist/compiled/next-server/app-page.runtime.prod.js:12:134660)
    at e (/workspaces/EventHaiti/node_modules/next/dist/compiled/next-server/app-page.runtime.prod.js:12:137545)
    at ek (/workspaces/EventHaiti/node_modules/next/dist/compiled/next-server/app-page.runtime.prod.js:12:138019)
    at Array.toJSON (/workspaces/EventHaiti/node_modules/next/dist/compiled/next-server/app-page.runtime.prod.js:12:135629) {
  description: "Route /organizer couldn't be rendered statically because it used `cookies`. See more info here: https://nextjs.org/docs/messages/dynamic-server-error",
  digest: 'DYNAMIC_SERVER_USAGE'
}
Session verification error: n [Error]: Dynamic server usage: Route /organizer couldn't be rendered statically because it used `cookies`. See more info here: https://nextjs.org/docs/messages/dynamic-server-error
    at l (/workspaces/EventHaiti/.next/server/chunks/8948.js:1:56329)
    at f (/workspaces/EventHaiti/.next/server/chunks/1615.js:1:1692)
    at o (/workspaces/EventHaiti/.next/server/app/api/admin/analytics/route.js:1:20779)
    at d (/workspaces/EventHaiti/.next/server/app/api/admin/analytics/route.js:1:8206)
    at u (/workspaces/EventHaiti/.next/server/app/api/admin/analytics/route.js:1:8799)
    at p (/workspaces/EventHaiti/.next/server/app/organizer/page.js:6:4575)
    at eh (/workspaces/EventHaiti/node_modules/next/dist/compiled/next-server/app-page.runtime.prod.js:12:134660)
    at e (/workspaces/EventHaiti/node_modules/next/dist/compiled/next-server/app-page.runtime.prod.js:12:137545)
    at ek (/workspaces/EventHaiti/node_modules/next/dist/compiled/next-server/app-page.runtime.prod.js:12:138019)
    at Array.toJSON (/workspaces/EventHaiti/node_modules/next/dist/compiled/next-server/app-page.runtime.prod.js:12:135629) {
  description: "Route /organizer couldn't be rendered statically because it used `cookies`. See more info here: https://nextjs.org/docs/messages/dynamic-server-error",
  digest: 'DYNAMIC_SERVER_USAGE'
}
Session verification error: n [Error]: Dynamic server usage: Route /organizer/analytics couldn't be rendered statically because it used `cookies`. See more info here: https://nextjs.org/docs/messages/dynamic-server-error
    at l (/workspaces/EventHaiti/.next/server/chunks/8948.js:1:56329)
    at f (/workspaces/EventHaiti/.next/server/chunks/1615.js:1:1692)
    at o (/workspaces/EventHaiti/.next/server/app/api/admin/analytics/route.js:1:20779)
    at d (/workspaces/EventHaiti/.next/server/app/api/admin/analytics/route.js:1:8206)
    at O (/workspaces/EventHaiti/.next/server/app/organizer/analytics/page.js:1:326158)
    at eh (/workspaces/EventHaiti/node_modules/next/dist/compiled/next-server/app-page.runtime.prod.js:12:134660)
    at e (/workspaces/EventHaiti/node_modules/next/dist/compiled/next-server/app-page.runtime.prod.js:12:137545)
    at ek (/workspaces/EventHaiti/node_modules/next/dist/compiled/next-server/app-page.runtime.prod.js:12:138019)
    at Array.toJSON (/workspaces/EventHaiti/node_modules/next/dist/compiled/next-server/app-page.runtime.prod.js:12:135629)
    at stringify (<anonymous>) {
  description: "Route /organizer/analytics couldn't be rendered statically because it used `cookies`. See more info here: https://nextjs.org/docs/messages/dynamic-server-error",
  digest: 'DYNAMIC_SERVER_USAGE'
}
Session verification error: n [Error]: Dynamic server usage: Route /organizer/analytics couldn't be rendered statically because it used `cookies`. See more info here: https://nextjs.org/docs/messages/dynamic-server-error
    at l (/workspaces/EventHaiti/.next/server/chunks/8948.js:1:56329)
    at f (/workspaces/EventHaiti/.next/server/chunks/1615.js:1:1692)
    at o (/workspaces/EventHaiti/.next/server/app/api/admin/analytics/route.js:1:20779)
    at d (/workspaces/EventHaiti/.next/server/app/api/admin/analytics/route.js:1:8206)
    at O (/workspaces/EventHaiti/.next/server/app/organizer/analytics/page.js:1:326158)
    at eh (/workspaces/EventHaiti/node_modules/next/dist/compiled/next-server/app-page.runtime.prod.js:12:134660)
    at e (/workspaces/EventHaiti/node_modules/next/dist/compiled/next-server/app-page.runtime.prod.js:12:137545)
    at ek (/workspaces/EventHaiti/node_modules/next/dist/compiled/next-server/app-page.runtime.prod.js:12:138019)
    at Array.toJSON (/workspaces/EventHaiti/node_modules/next/dist/compiled/next-server/app-page.runtime.prod.js:12:135629)
    at stringify (<anonymous>) {
  description: "Route /organizer/analytics couldn't be rendered statically because it used `cookies`. See more info here: https://nextjs.org/docs/messages/dynamic-server-error",
  digest: 'DYNAMIC_SERVER_USAGE'
}
Session verification error: n [Error]: Dynamic server usage: Route / couldn't be rendered statically because it used `cookies`. See more info here: https://nextjs.org/docs/messages/dynamic-server-error
    at l (/workspaces/EventHaiti/.next/server/chunks/8948.js:1:56329)
    at f (/workspaces/EventHaiti/.next/server/chunks/1615.js:1:1692)
    at o (/workspaces/EventHaiti/.next/server/app/api/admin/analytics/route.js:1:20779)
    at d (/workspaces/EventHaiti/.next/server/app/api/admin/analytics/route.js:1:8206)
    at b (/workspaces/EventHaiti/.next/server/app/page.js:4:7953)
    at eh (/workspaces/EventHaiti/node_modules/next/dist/compiled/next-server/app-page.runtime.prod.js:12:134660)
    at e (/workspaces/EventHaiti/node_modules/next/dist/compiled/next-server/app-page.runtime.prod.js:12:137545)
    at ek (/workspaces/EventHaiti/node_modules/next/dist/compiled/next-server/app-page.runtime.prod.js:12:138019)
    at Array.toJSON (/workspaces/EventHaiti/node_modules/next/dist/compiled/next-server/app-page.runtime.prod.js:12:135629)
    at stringify (<anonymous>) {
  description: "Route / couldn't be rendered statically because it used `cookies`. See more info here: https://nextjs.org/docs/messages/dynamic-server-error",
  digest: 'DYNAMIC_SERVER_USAGE'
}
Session verification error: n [Error]: Dynamic server usage: Route / couldn't be rendered statically because it used `cookies`. See more info here: https://nextjs.org/docs/messages/dynamic-server-error
    at l (/workspaces/EventHaiti/.next/server/chunks/8948.js:1:56329)
    at f (/workspaces/EventHaiti/.next/server/chunks/1615.js:1:1692)
    at o (/workspaces/EventHaiti/.next/server/app/api/admin/analytics/route.js:1:20779)
    at d (/workspaces/EventHaiti/.next/server/app/api/admin/analytics/route.js:1:8206)
    at b (/workspaces/EventHaiti/.next/server/app/page.js:4:7953)
    at eh (/workspaces/EventHaiti/node_modules/next/dist/compiled/next-server/app-page.runtime.prod.js:12:134660)
    at e (/workspaces/EventHaiti/node_modules/next/dist/compiled/next-server/app-page.runtime.prod.js:12:137545)
    at ek (/workspaces/EventHaiti/node_modules/next/dist/compiled/next-server/app-page.runtime.prod.js:12:138019)
    at Array.toJSON (/workspaces/EventHaiti/node_modules/next/dist/compiled/next-server/app-page.runtime.prod.js:12:135629)
    at stringify (<anonymous>) {
  description: "Route / couldn't be rendered statically because it used `cookies`. See more info here: https://nextjs.org/docs/messages/dynamic-server-error",
  digest: 'DYNAMIC_SERVER_USAGE'
}
Session verification error: n [Error]: Dynamic server usage: Route /profile couldn't be rendered statically because it used `cookies`. See more info here: https://nextjs.org/docs/messages/dynamic-server-error
    at l (/workspaces/EventHaiti/.next/server/chunks/8948.js:1:56329)
    at f (/workspaces/EventHaiti/.next/server/chunks/1615.js:1:1692)
    at o (/workspaces/EventHaiti/.next/server/app/api/admin/analytics/route.js:1:20779)
    at d (/workspaces/EventHaiti/.next/server/app/api/admin/analytics/route.js:1:8206)
    at m (/workspaces/EventHaiti/.next/server/app/profile/page.js:1:30600)
    at eh (/workspaces/EventHaiti/node_modules/next/dist/compiled/next-server/app-page.runtime.prod.js:12:134660)
    at e (/workspaces/EventHaiti/node_modules/next/dist/compiled/next-server/app-page.runtime.prod.js:12:137545)
    at ek (/workspaces/EventHaiti/node_modules/next/dist/compiled/next-server/app-page.runtime.prod.js:12:138019)
    at Array.toJSON (/workspaces/EventHaiti/node_modules/next/dist/compiled/next-server/app-page.runtime.prod.js:12:135629)
    at stringify (<anonymous>) {
  description: "Route /profile couldn't be rendered statically because it used `cookies`. See more info here: https://nextjs.org/docs/messages/dynamic-server-error",
  digest: 'DYNAMIC_SERVER_USAGE'
}
Session verification error: n [Error]: Dynamic server usage: Route /profile couldn't be rendered statically because it used `cookies`. See more info here: https://nextjs.org/docs/messages/dynamic-server-error
    at l (/workspaces/EventHaiti/.next/server/chunks/8948.js:1:56329)
    at f (/workspaces/EventHaiti/.next/server/chunks/1615.js:1:1692)
    at o (/workspaces/EventHaiti/.next/server/app/api/admin/analytics/route.js:1:20779)
    at d (/workspaces/EventHaiti/.next/server/app/api/admin/analytics/route.js:1:8206)
    at m (/workspaces/EventHaiti/.next/server/app/profile/page.js:1:30600)
    at eh (/workspaces/EventHaiti/node_modules/next/dist/compiled/next-server/app-page.runtime.prod.js:12:134660)
    at e (/workspaces/EventHaiti/node_modules/next/dist/compiled/next-server/app-page.runtime.prod.js:12:137545)
    at ek (/workspaces/EventHaiti/node_modules/next/dist/compiled/next-server/app-page.runtime.prod.js:12:138019)
    at Array.toJSON (/workspaces/EventHaiti/node_modules/next/dist/compiled/next-server/app-page.runtime.prod.js:12:135629)
    at stringify (<anonymous>) {
  description: "Route /profile couldn't be rendered statically because it used `cookies`. See more info here: https://nextjs.org/docs/messages/dynamic-server-error",
  digest: 'DYNAMIC_SERVER_USAGE'
}
Session verification error: n [Error]: Dynamic server usage: Route /settings couldn't be rendered statically because it used `cookies`. See more info here: https://nextjs.org/docs/messages/dynamic-server-error
    at l (/workspaces/EventHaiti/.next/server/chunks/8948.js:1:56329)
    at f (/workspaces/EventHaiti/.next/server/chunks/1615.js:1:1692)
    at o (/workspaces/EventHaiti/.next/server/app/api/admin/analytics/route.js:1:20779)
    at d (/workspaces/EventHaiti/.next/server/app/api/admin/analytics/route.js:1:8206)
    at p (/workspaces/EventHaiti/.next/server/app/settings/page.js:6:1241)
    at eh (/workspaces/EventHaiti/node_modules/next/dist/compiled/next-server/app-page.runtime.prod.js:12:134660)
    at e (/workspaces/EventHaiti/node_modules/next/dist/compiled/next-server/app-page.runtime.prod.js:12:137545)
    at ek (/workspaces/EventHaiti/node_modules/next/dist/compiled/next-server/app-page.runtime.prod.js:12:138019)
    at Array.toJSON (/workspaces/EventHaiti/node_modules/next/dist/compiled/next-server/app-page.runtime.prod.js:12:135629)
    at stringify (<anonymous>) {
  description: "Route /settings couldn't be rendered statically because it used `cookies`. See more info here: https://nextjs.org/docs/messages/dynamic-server-error",
  digest: 'DYNAMIC_SERVER_USAGE'
}
Session verification error: n [Error]: Dynamic server usage: Route /settings couldn't be rendered statically because it used `cookies`. See more info here: https://nextjs.org/docs/messages/dynamic-server-error
    at l (/workspaces/EventHaiti/.next/server/chunks/8948.js:1:56329)
    at f (/workspaces/EventHaiti/.next/server/chunks/1615.js:1:1692)
    at o (/workspaces/EventHaiti/.next/server/app/api/admin/analytics/route.js:1:20779)
    at d (/workspaces/EventHaiti/.next/server/app/api/admin/analytics/route.js:1:8206)
    at p (/workspaces/EventHaiti/.next/server/app/settings/page.js:6:1241)
    at eh (/workspaces/EventHaiti/node_modules/next/dist/compiled/next-server/app-page.runtime.prod.js:12:134660)
    at e (/workspaces/EventHaiti/node_modules/next/dist/compiled/next-server/app-page.runtime.prod.js:12:137545)
    at ek (/workspaces/EventHaiti/node_modules/next/dist/compiled/next-server/app-page.runtime.prod.js:12:138019)
    at Array.toJSON (/workspaces/EventHaiti/node_modules/next/dist/compiled/next-server/app-page.runtime.prod.js:12:135629)
    at stringify (<anonymous>) {
  description: "Route /settings couldn't be rendered statically because it used `cookies`. See more info here: https://nextjs.org/docs/messages/dynamic-server-error",
  digest: 'DYNAMIC_SERVER_USAGE'
}
Session verification error: n [Error]: Dynamic server usage: Route /organizer/payouts couldn't be rendered statically because it used `cookies`. See more info here: https://nextjs.org/docs/messages/dynamic-server-error
    at l (/workspaces/EventHaiti/.next/server/chunks/8948.js:1:56329)
    at f (/workspaces/EventHaiti/.next/server/chunks/1615.js:1:1692)
    at o (/workspaces/EventHaiti/.next/server/app/api/admin/analytics/route.js:1:20779)
    at d (/workspaces/EventHaiti/.next/server/app/api/admin/analytics/route.js:1:8206)
    at x (/workspaces/EventHaiti/.next/server/app/organizer/payouts/page.js:1:18698)
    at eh (/workspaces/EventHaiti/node_modules/next/dist/compiled/next-server/app-page.runtime.prod.js:12:134660)
    at e (/workspaces/EventHaiti/node_modules/next/dist/compiled/next-server/app-page.runtime.prod.js:12:137545)
    at ek (/workspaces/EventHaiti/node_modules/next/dist/compiled/next-server/app-page.runtime.prod.js:12:138019)
    at Array.toJSON (/workspaces/EventHaiti/node_modules/next/dist/compiled/next-server/app-page.runtime.prod.js:12:135629)
    at stringify (<anonymous>) {
  description: "Route /organizer/payouts couldn't be rendered statically because it used `cookies`. See more info here: https://nextjs.org/docs/messages/dynamic-server-error",
  digest: 'DYNAMIC_SERVER_USAGE'
}
Session verification error: n [Error]: Dynamic server usage: Route /organizer/payouts couldn't be rendered statically because it used `cookies`. See more info here: https://nextjs.org/docs/messages/dynamic-server-error
    at l (/workspaces/EventHaiti/.next/server/chunks/8948.js:1:56329)
    at f (/workspaces/EventHaiti/.next/server/chunks/1615.js:1:1692)
    at o (/workspaces/EventHaiti/.next/server/app/api/admin/analytics/route.js:1:20779)
    at d (/workspaces/EventHaiti/.next/server/app/api/admin/analytics/route.js:1:8206)
    at x (/workspaces/EventHaiti/.next/server/app/organizer/payouts/page.js:1:18698)
    at eh (/workspaces/EventHaiti/node_modules/next/dist/compiled/next-server/app-page.runtime.prod.js:12:134660)
    at e (/workspaces/EventHaiti/node_modules/next/dist/compiled/next-server/app-page.runtime.prod.js:12:137545)
    at ek (/workspaces/EventHaiti/node_modules/next/dist/compiled/next-server/app-page.runtime.prod.js:12:138019)
    at Array.toJSON (/workspaces/EventHaiti/node_modules/next/dist/compiled/next-server/app-page.runtime.prod.js:12:135629)
    at stringify (<anonymous>) {
  description: "Route /organizer/payouts couldn't be rendered statically because it used `cookies`. See more info here: https://nextjs.org/docs/messages/dynamic-server-error",
  digest: 'DYNAMIC_SERVER_USAGE'
}
 ✓ Generating static pages (141/141)
   Finalizing page optimization ...
   Collecting build traces ...

Route (app)                                           Size     First Load JS
┌ ƒ /                                                 7.44 kB         269 kB
├ ○ /_not-found                                       880 B          88.5 kB
├ ƒ /admin                                            7.15 kB         249 kB
├ ƒ /admin/analytics                                  2.41 kB         245 kB
├ ƒ /admin/bank-verifications                         4.6 kB          247 kB
├ ○ /admin/create-test-data                           6.84 kB         243 kB
├ ○ /admin/debug-db                                   3.69 kB         240 kB
├ ƒ /admin/events                                     7.92 kB         263 kB
├ ƒ /admin/payouts                                    2.5 kB         90.2 kB
├ ○ /admin/security                                   4.33 kB         118 kB
├ ƒ /admin/users                                      3.66 kB         246 kB
├ ƒ /admin/verify                                     3.7 kB          255 kB
├ ƒ /api/admin/analytics                              0 B                0 B
├ ƒ /api/admin/approve-bank-verification              0 B                0 B
├ ƒ /api/admin/debug-verifications                    0 B                0 B
├ ƒ /api/admin/events/action                          0 B                0 B
├ ƒ /api/admin/events/bulk-action                     0 B                0 B
├ ƒ /api/admin/events/list                            0 B                0 B
├ ƒ /api/admin/migrate-verification-status            0 B                0 B
├ ƒ /api/admin/payouts/approve                        0 B                0 B
├ ƒ /api/admin/payouts/decline                        0 B                0 B
├ ƒ /api/admin/payouts/mark-paid                      0 B                0 B
├ ƒ /api/admin/review-verification                    0 B                0 B
├ ƒ /api/admin/search                                 0 B                0 B
├ ƒ /api/admin/suspicious-activities                  0 B                0 B
├ ƒ /api/admin/verification-image                     0 B                0 B
├ ƒ /api/admin/verify-organizer                       0 B                0 B
├ ƒ /api/affiliates                                   0 B                0 B
├ ƒ /api/auth/session                                 0 B                0 B
├ ƒ /api/check-in                                     0 B                0 B
├ ƒ /api/create-checkout-session                      0 B                0 B
├ ƒ /api/create-payment-intent                        0 B                0 B
├ ƒ /api/create-test-events                           0 B                0 B
├ ƒ /api/cron/daily-stats                             0 B                0 B
├ ƒ /api/cron/event-reminders                         0 B                0 B
├ ƒ /api/cron/favorite-reminders                      0 B                0 B
├ ƒ /api/debug/check-verification                     0 B                0 B
├ ƒ /api/debug/tickets                                0 B                0 B
├ ƒ /api/debug/user-record                            0 B                0 B
├ ƒ /api/debug/verification-status                    0 B                0 B
├ ƒ /api/email/send-event-reminders                   0 B                0 B
├ ƒ /api/email/send-event-update                      0 B                0 B
├ ƒ /api/email/send-ticket-confirmation               0 B                0 B
├ ƒ /api/event-photos                                 0 B                0 B
├ ƒ /api/event-photos/upload                          0 B                0 B
├ ƒ /api/event-sessions                               0 B                0 B
├ ƒ /api/events/[id]/calendar                         0 B                0 B
├ ƒ /api/events/[id]/export-attendees                 0 B                0 B
├ ƒ /api/events/[id]/publish                          0 B                0 B
├ ƒ /api/events/reviews                               0 B                0 B
├ ƒ /api/events/updates                               0 B                0 B
├ ƒ /api/favorites/toggle                             0 B                0 B
├ ƒ /api/gdpr/data                                    0 B                0 B
├ ƒ /api/gdpr/preferences                             0 B                0 B
├ ƒ /api/group-discounts                              0 B                0 B
├ ƒ /api/moncash/callback                             0 B                0 B
├ ƒ /api/moncash/initiate                             0 B                0 B
├ ƒ /api/notifications/clear-all                      0 B                0 B
├ ƒ /api/notifications/send-push                      0 B                0 B
├ ƒ /api/organizer/events/[id]/attendance             0 B                0 B
├ ƒ /api/organizer/events/[id]/export-attendees       0 B                0 B
├ ƒ /api/organizer/export-payouts                     0 B                0 B
├ ƒ /api/organizer/request-payout                     0 B                0 B
├ ƒ /api/organizer/reset-verification                 0 B                0 B
├ ƒ /api/organizer/retry-payout                       0 B                0 B
├ ƒ /api/organizer/send-phone-verification-code       0 B                0 B
├ ƒ /api/organizer/settings/danger-zone/deactivate    0 B                0 B
├ ƒ /api/organizer/settings/danger-zone/delete        0 B                0 B
├ ƒ /api/organizer/settings/danger-zone/export-data   0 B                0 B
├ ƒ /api/organizer/settings/defaults                  0 B                0 B
├ ƒ /api/organizer/settings/notifications             0 B                0 B
├ ƒ /api/organizer/settings/organization              0 B                0 B
├ ƒ /api/organizer/settings/organization/upload-logo  0 B                0 B
├ ƒ /api/organizer/settings/profile                   0 B                0 B
├ ƒ /api/organizer/settings/profile/upload-photo      0 B                0 B
├ ƒ /api/organizer/settings/security/change-password  0 B                0 B
├ ƒ /api/organizer/settings/team/[memberId]           0 B                0 B
├ ƒ /api/organizer/settings/team/invite               0 B                0 B
├ ƒ /api/organizer/submit-bank-verification           0 B                0 B
├ ƒ /api/organizer/submit-identity-verification       0 B                0 B
├ ƒ /api/organizer/submit-phone-verification          0 B                0 B
├ ƒ /api/organizer/submit-verification                0 B                0 B
├ ƒ /api/organizers/follow                            0 B                0 B
├ ƒ /api/profile/update                               0 B                0 B
├ ƒ /api/promo-codes                                  0 B                0 B
├ ƒ /api/promo-codes/validate                         0 B                0 B
├ ƒ /api/push/send                                    0 B                0 B
├ ƒ /api/push/send-user                               0 B                0 B
├ ƒ /api/push/subscribe                               0 B                0 B
├ ƒ /api/push/test                                    0 B                0 B
├ ƒ /api/push/unsubscribe                             0 B                0 B
├ ƒ /api/recurring-events/generate                    0 B                0 B
├ ƒ /api/recurring-events/instances                   0 B                0 B
├ ƒ /api/refunds/process                              0 B                0 B
├ ƒ /api/refunds/request                              0 B                0 B
├ ƒ /api/reviews                                      0 B                0 B
├ ƒ /api/test-email                                   0 B                0 B
├ ƒ /api/test-notifications                           0 B                0 B
├ ƒ /api/test-tiers                                   0 B                0 B
├ ƒ /api/ticket-tiers                                 0 B                0 B
├ ƒ /api/tickets/claim-free                           0 B                0 B
├ ƒ /api/tickets/create-from-payment                  0 B                0 B
├ ƒ /api/tickets/scan                                 0 B                0 B
├ ƒ /api/tickets/transfer                             0 B                0 B
├ ƒ /api/tickets/transfer/cancel                      0 B                0 B
├ ƒ /api/tickets/transfer/request                     0 B                0 B
├ ƒ /api/tickets/transfer/respond                     0 B                0 B
├ ƒ /api/virtual-events                               0 B                0 B
├ ƒ /api/waitlist/join                                0 B                0 B
├ ƒ /api/webhooks/stripe                              0 B                0 B
├ ○ /auth/login                                       4.7 kB          241 kB
├ ○ /auth/signup                                      3.19 kB         240 kB
├ ƒ /categories                                       3.5 kB          262 kB
├ ƒ /dashboard                                        135 kB          391 kB
├ ƒ /discover                                         10.1 kB         269 kB
├ ƒ /events/[id]                                      14.2 kB         272 kB
├ ○ /examples/camera-checkin                          53 kB           166 kB
├ ƒ /favorites                                        4.63 kB         263 kB
├ ƒ /icon                                             0 B                0 B
├ ƒ /legal/privacy                                    2.41 kB         245 kB
├ ƒ /legal/refunds                                    2.41 kB         245 kB
├ ƒ /legal/terms                                      2.41 kB         245 kB
├ ƒ /notifications                                    4.27 kB         246 kB
├ ƒ /organizer                                        7.79 kB         256 kB
├ ƒ /organizer/analytics                              108 kB          350 kB
├ ○ /organizer/events                                 11.6 kB         266 kB
├ ƒ /organizer/events/[id]                            7.78 kB         264 kB
├ ƒ /organizer/events/[id]/attendees                  6.05 kB         255 kB
├ ƒ /organizer/events/[id]/check-in                   3.73 kB         209 kB
├ ƒ /organizer/events/[id]/edit                       195 B           245 kB
├ ƒ /organizer/events/new                             496 B           264 kB
├ ƒ /organizer/payouts                                4.63 kB         247 kB
├ ƒ /organizer/promo-codes                            4.35 kB         246 kB
├ ƒ /organizer/scan                                   3.41 kB         252 kB
├ ƒ /organizer/scan/[eventId]                         5.54 kB         202 kB
├ ƒ /organizer/settings                               4.47 kB         247 kB
├ ƒ /organizer/settings/danger-zone                   4.01 kB         100 kB
├ ƒ /organizer/settings/defaults                      3.89 kB         100 kB
├ ƒ /organizer/settings/notifications                 3.45 kB        99.8 kB
├ ƒ /organizer/settings/organization                  3.8 kB          106 kB
├ ƒ /organizer/settings/payouts                       13.9 kB         260 kB
├ ƒ /organizer/settings/profile                       3.28 kB         106 kB
├ ƒ /organizer/settings/security                      4.03 kB         100 kB
├ ƒ /organizer/settings/team                          4.16 kB         101 kB
├ ○ /organizer/verify                                 9.76 kB         261 kB
├ ƒ /profile                                          7.06 kB         255 kB
├ ƒ /profile/organizer/[organizerId]                  4.27 kB         262 kB
├ ƒ /purchase/failed                                  179 B          96.6 kB
├ ƒ /purchase/success                                 10 kB           252 kB
├ ƒ /settings                                         4.09 kB         246 kB
├ ƒ /settings/notifications                           4.6 kB          247 kB
├ ○ /test-deploy                                      194 B          87.9 kB
├ ○ /test-notifications                               1.57 kB        89.2 kB
├ ƒ /tickets                                          3.57 kB         258 kB
├ ƒ /tickets/[id]                                     5.69 kB         265 kB
├ ƒ /tickets/event/[eventId]                          3.13 kB         268 kB
└ ƒ /tickets/transfer/[token]                         3.73 kB         253 kB
+ First Load JS shared by all                         87.7 kB
  ├ chunks/2117-2293f186fcd00e68.js                   31.9 kB
  ├ chunks/fd9d1056-81cd2e6dfad02a4c.js               53.6 kB
  └ other shared chunks (total)                       2.15 kB


○  (Static)   prerendered as static content
ƒ  (Dynamic)  server-rendered on demand

